// Jest Snapshot v1, https://goo.gl/fbAQLP

exports[`@processor: service checks * processes meta properly 1`] = `
{
  "Button": {
    "meta": {
      "appearances": {
        "filled": {
          "default": true,
        },
        "outline": {
          "default": false,
        },
      },
      "parameters": {
        "backgroundColor": {
          "type": "string",
        },
        "borderColor": {
          "type": "string",
        },
        "borderRadius": {
          "type": "number",
        },
        "borderWidth": {
          "type": "number",
        },
        "iconHeight": {
          "type": "number",
        },
        "iconMarginHorizontal": {
          "type": "number",
        },
        "iconTintColor": {
          "type": "string",
        },
        "iconWidth": {
          "type": "number",
        },
        "minHeight": {
          "type": "number",
        },
        "minWidth": {
          "type": "number",
        },
        "padding": {
          "type": "number",
        },
        "textColor": {
          "type": "number",
        },
        "textFontSize": {
          "type": "number",
        },
        "textFontWeight": {
          "type": "string",
        },
        "textMarginHorizontal": {
          "type": "number",
        },
      },
      "scope": "all",
      "states": {
        "active": {
          "default": false,
          "priority": 1,
          "scope": "all",
        },
        "disabled": {
          "default": false,
          "priority": 0,
          "scope": "all",
        },
      },
      "variantGroups": {
        "size": {
          "giant": {
            "default": true,
          },
          "large": {
            "default": false,
          },
          "medium": {
            "default": true,
          },
          "small": {
            "default": false,
          },
          "tiny": {
            "default": false,
          },
        },
        "status": {
          "danger": {
            "default": false,
          },
          "info": {
            "default": false,
          },
          "primary": {
            "default": true,
          },
          "success": {
            "default": false,
          },
          "warning": {
            "default": false,
          },
        },
      },
    },
    "styles": {
      "filled.danger.giant": {
        "backgroundColor": "#F44336",
        "borderRadius": 6,
        "iconHeight": 15,
        "iconMarginHorizontal": 5,
        "iconTintColor": "#ffffff",
        "iconWidth": 15,
        "minHeight": 36,
        "minWidth": 36,
        "padding": 5,
        "textColor": "text-primary-inverse",
        "textFontSize": 14,
        "textFontWeight": 800,
        "textMarginHorizontal": 5,
      },
      "filled.danger.giant.active": {
        "backgroundColor": "#E53935",
        "borderRadius": 6,
        "iconHeight": 15,
        "iconMarginHorizontal": 5,
        "iconTintColor": "#ffffff",
        "iconWidth": 15,
        "minHeight": 36,
        "minWidth": 36,
        "padding": 5,
        "textColor": "text-primary-inverse",
        "textFontSize": 14,
        "textFontWeight": 800,
        "textMarginHorizontal": 5,
      },
      "filled.danger.giant.disabled": {
        "backgroundColor": "#F44336",
        "borderRadius": 6,
        "iconHeight": 15,
        "iconMarginHorizontal": 5,
        "iconTintColor": "#ffffff",
        "iconWidth": 15,
        "minHeight": 36,
        "minWidth": 36,
        "padding": 5,
        "textColor": "text-primary-inverse",
        "textFontSize": 14,
        "textFontWeight": 800,
        "textMarginHorizontal": 5,
      },
      "filled.danger.giant.disabled.active": {
        "backgroundColor": "#E53935",
        "borderRadius": 6,
        "iconHeight": 15,
        "iconMarginHorizontal": 5,
        "iconTintColor": "#ffffff",
        "iconWidth": 15,
        "minHeight": 36,
        "minWidth": 36,
        "padding": 5,
        "textColor": "text-primary-inverse",
        "textFontSize": 14,
        "textFontWeight": 800,
        "textMarginHorizontal": 5,
      },
      "filled.danger.large": {
        "backgroundColor": "#F44336",
        "borderRadius": 6,
        "iconHeight": 14,
        "iconMarginHorizontal": 4.5,
        "iconTintColor": "#ffffff",
        "iconWidth": 14,
        "minHeight": 30,
        "minWidth": 30,
        "padding": 4.5,
        "textColor": "text-primary-inverse",
        "textFontSize": 13,
        "textFontWeight": 800,
        "textMarginHorizontal": 4.5,
      },
      "filled.danger.large.active": {
        "backgroundColor": "#E53935",
        "borderRadius": 6,
        "iconHeight": 14,
        "iconMarginHorizontal": 4.5,
        "iconTintColor": "#ffffff",
        "iconWidth": 14,
        "minHeight": 30,
        "minWidth": 30,
        "padding": 4.5,
        "textColor": "text-primary-inverse",
        "textFontSize": 13,
        "textFontWeight": 800,
        "textMarginHorizontal": 4.5,
      },
      "filled.danger.large.disabled": {
        "backgroundColor": "#F44336",
        "borderRadius": 6,
        "iconHeight": 14,
        "iconMarginHorizontal": 4.5,
        "iconTintColor": "#ffffff",
        "iconWidth": 14,
        "minHeight": 30,
        "minWidth": 30,
        "padding": 4.5,
        "textColor": "text-primary-inverse",
        "textFontSize": 13,
        "textFontWeight": 800,
        "textMarginHorizontal": 4.5,
      },
      "filled.danger.large.disabled.active": {
        "backgroundColor": "#E53935",
        "borderRadius": 6,
        "iconHeight": 14,
        "iconMarginHorizontal": 4.5,
        "iconTintColor": "#ffffff",
        "iconWidth": 14,
        "minHeight": 30,
        "minWidth": 30,
        "padding": 4.5,
        "textColor": "text-primary-inverse",
        "textFontSize": 13,
        "textFontWeight": 800,
        "textMarginHorizontal": 4.5,
      },
      "filled.danger.medium": {
        "backgroundColor": "#F44336",
        "borderRadius": 6,
        "iconHeight": 13,
        "iconMarginHorizontal": 4,
        "iconTintColor": "#ffffff",
        "iconWidth": 13,
        "minHeight": 24,
        "minWidth": 24,
        "padding": 4,
        "textColor": "text-primary-inverse",
        "textFontSize": 12,
        "textFontWeight": 800,
        "textMarginHorizontal": 4,
      },
      "filled.danger.medium.active": {
        "backgroundColor": "#E53935",
        "borderRadius": 6,
        "iconHeight": 13,
        "iconMarginHorizontal": 4,
        "iconTintColor": "#ffffff",
        "iconWidth": 13,
        "minHeight": 24,
        "minWidth": 24,
        "padding": 4,
        "textColor": "text-primary-inverse",
        "textFontSize": 12,
        "textFontWeight": 800,
        "textMarginHorizontal": 4,
      },
      "filled.danger.medium.disabled": {
        "backgroundColor": "#F44336",
        "borderRadius": 6,
        "iconHeight": 13,
        "iconMarginHorizontal": 4,
        "iconTintColor": "#ffffff",
        "iconWidth": 13,
        "minHeight": 24,
        "minWidth": 24,
        "padding": 4,
        "textColor": "text-primary-inverse",
        "textFontSize": 12,
        "textFontWeight": 800,
        "textMarginHorizontal": 4,
      },
      "filled.danger.medium.disabled.active": {
        "backgroundColor": "#E53935",
        "borderRadius": 6,
        "iconHeight": 13,
        "iconMarginHorizontal": 4,
        "iconTintColor": "#ffffff",
        "iconWidth": 13,
        "minHeight": 24,
        "minWidth": 24,
        "padding": 4,
        "textColor": "text-primary-inverse",
        "textFontSize": 12,
        "textFontWeight": 800,
        "textMarginHorizontal": 4,
      },
      "filled.danger.small": {
        "backgroundColor": "#F44336",
        "borderRadius": 6,
        "iconHeight": 12,
        "iconMarginHorizontal": 3.5,
        "iconTintColor": "#ffffff",
        "iconWidth": 12,
        "minHeight": 20,
        "minWidth": 20,
        "padding": 3.5,
        "textColor": "text-primary-inverse",
        "textFontSize": 11,
        "textFontWeight": 800,
        "textMarginHorizontal": 3.5,
      },
      "filled.danger.small.active": {
        "backgroundColor": "#E53935",
        "borderRadius": 6,
        "iconHeight": 12,
        "iconMarginHorizontal": 3.5,
        "iconTintColor": "#ffffff",
        "iconWidth": 12,
        "minHeight": 20,
        "minWidth": 20,
        "padding": 3.5,
        "textColor": "text-primary-inverse",
        "textFontSize": 11,
        "textFontWeight": 800,
        "textMarginHorizontal": 3.5,
      },
      "filled.danger.small.disabled": {
        "backgroundColor": "#F44336",
        "borderRadius": 6,
        "iconHeight": 12,
        "iconMarginHorizontal": 3.5,
        "iconTintColor": "#ffffff",
        "iconWidth": 12,
        "minHeight": 20,
        "minWidth": 20,
        "padding": 3.5,
        "textColor": "text-primary-inverse",
        "textFontSize": 11,
        "textFontWeight": 800,
        "textMarginHorizontal": 3.5,
      },
      "filled.danger.small.disabled.active": {
        "backgroundColor": "#E53935",
        "borderRadius": 6,
        "iconHeight": 12,
        "iconMarginHorizontal": 3.5,
        "iconTintColor": "#ffffff",
        "iconWidth": 12,
        "minHeight": 20,
        "minWidth": 20,
        "padding": 3.5,
        "textColor": "text-primary-inverse",
        "textFontSize": 11,
        "textFontWeight": 800,
        "textMarginHorizontal": 3.5,
      },
      "filled.danger.tiny": {
        "backgroundColor": "#F44336",
        "borderRadius": 6,
        "iconHeight": 11,
        "iconMarginHorizontal": 3,
        "iconTintColor": "#ffffff",
        "iconWidth": 11,
        "minHeight": 16,
        "minWidth": 16,
        "padding": 3,
        "textColor": "text-primary-inverse",
        "textFontSize": 10,
        "textFontWeight": 800,
        "textMarginHorizontal": 3,
      },
      "filled.danger.tiny.active": {
        "backgroundColor": "#E53935",
        "borderRadius": 6,
        "iconHeight": 11,
        "iconMarginHorizontal": 3,
        "iconTintColor": "#ffffff",
        "iconWidth": 11,
        "minHeight": 16,
        "minWidth": 16,
        "padding": 3,
        "textColor": "text-primary-inverse",
        "textFontSize": 10,
        "textFontWeight": 800,
        "textMarginHorizontal": 3,
      },
      "filled.danger.tiny.disabled": {
        "backgroundColor": "#F44336",
        "borderRadius": 6,
        "iconHeight": 11,
        "iconMarginHorizontal": 3,
        "iconTintColor": "#ffffff",
        "iconWidth": 11,
        "minHeight": 16,
        "minWidth": 16,
        "padding": 3,
        "textColor": "text-primary-inverse",
        "textFontSize": 10,
        "textFontWeight": 800,
        "textMarginHorizontal": 3,
      },
      "filled.danger.tiny.disabled.active": {
        "backgroundColor": "#E53935",
        "borderRadius": 6,
        "iconHeight": 11,
        "iconMarginHorizontal": 3,
        "iconTintColor": "#ffffff",
        "iconWidth": 11,
        "minHeight": 16,
        "minWidth": 16,
        "padding": 3,
        "textColor": "text-primary-inverse",
        "textFontSize": 10,
        "textFontWeight": 800,
        "textMarginHorizontal": 3,
      },
      "filled.info.giant": {
        "backgroundColor": "#03A9F4",
        "borderRadius": 6,
        "iconHeight": 15,
        "iconMarginHorizontal": 5,
        "iconTintColor": "#ffffff",
        "iconWidth": 15,
        "minHeight": 36,
        "minWidth": 36,
        "padding": 5,
        "textColor": "text-primary-inverse",
        "textFontSize": 14,
        "textFontWeight": 800,
        "textMarginHorizontal": 5,
      },
      "filled.info.giant.active": {
        "backgroundColor": "#039BE5",
        "borderRadius": 6,
        "iconHeight": 15,
        "iconMarginHorizontal": 5,
        "iconTintColor": "#ffffff",
        "iconWidth": 15,
        "minHeight": 36,
        "minWidth": 36,
        "padding": 5,
        "textColor": "text-primary-inverse",
        "textFontSize": 14,
        "textFontWeight": 800,
        "textMarginHorizontal": 5,
      },
      "filled.info.giant.disabled": {
        "backgroundColor": "#03A9F4",
        "borderRadius": 6,
        "iconHeight": 15,
        "iconMarginHorizontal": 5,
        "iconTintColor": "#ffffff",
        "iconWidth": 15,
        "minHeight": 36,
        "minWidth": 36,
        "padding": 5,
        "textColor": "text-primary-inverse",
        "textFontSize": 14,
        "textFontWeight": 800,
        "textMarginHorizontal": 5,
      },
      "filled.info.giant.disabled.active": {
        "backgroundColor": "#039BE5",
        "borderRadius": 6,
        "iconHeight": 15,
        "iconMarginHorizontal": 5,
        "iconTintColor": "#ffffff",
        "iconWidth": 15,
        "minHeight": 36,
        "minWidth": 36,
        "padding": 5,
        "textColor": "text-primary-inverse",
        "textFontSize": 14,
        "textFontWeight": 800,
        "textMarginHorizontal": 5,
      },
      "filled.info.large": {
        "backgroundColor": "#03A9F4",
        "borderRadius": 6,
        "iconHeight": 14,
        "iconMarginHorizontal": 4.5,
        "iconTintColor": "#ffffff",
        "iconWidth": 14,
        "minHeight": 30,
        "minWidth": 30,
        "padding": 4.5,
        "textColor": "text-primary-inverse",
        "textFontSize": 13,
        "textFontWeight": 800,
        "textMarginHorizontal": 4.5,
      },
      "filled.info.large.active": {
        "backgroundColor": "#039BE5",
        "borderRadius": 6,
        "iconHeight": 14,
        "iconMarginHorizontal": 4.5,
        "iconTintColor": "#ffffff",
        "iconWidth": 14,
        "minHeight": 30,
        "minWidth": 30,
        "padding": 4.5,
        "textColor": "text-primary-inverse",
        "textFontSize": 13,
        "textFontWeight": 800,
        "textMarginHorizontal": 4.5,
      },
      "filled.info.large.disabled": {
        "backgroundColor": "#03A9F4",
        "borderRadius": 6,
        "iconHeight": 14,
        "iconMarginHorizontal": 4.5,
        "iconTintColor": "#ffffff",
        "iconWidth": 14,
        "minHeight": 30,
        "minWidth": 30,
        "padding": 4.5,
        "textColor": "text-primary-inverse",
        "textFontSize": 13,
        "textFontWeight": 800,
        "textMarginHorizontal": 4.5,
      },
      "filled.info.large.disabled.active": {
        "backgroundColor": "#039BE5",
        "borderRadius": 6,
        "iconHeight": 14,
        "iconMarginHorizontal": 4.5,
        "iconTintColor": "#ffffff",
        "iconWidth": 14,
        "minHeight": 30,
        "minWidth": 30,
        "padding": 4.5,
        "textColor": "text-primary-inverse",
        "textFontSize": 13,
        "textFontWeight": 800,
        "textMarginHorizontal": 4.5,
      },
      "filled.info.medium": {
        "backgroundColor": "#03A9F4",
        "borderRadius": 6,
        "iconHeight": 13,
        "iconMarginHorizontal": 4,
        "iconTintColor": "#ffffff",
        "iconWidth": 13,
        "minHeight": 24,
        "minWidth": 24,
        "padding": 4,
        "textColor": "text-primary-inverse",
        "textFontSize": 12,
        "textFontWeight": 800,
        "textMarginHorizontal": 4,
      },
      "filled.info.medium.active": {
        "backgroundColor": "#039BE5",
        "borderRadius": 6,
        "iconHeight": 13,
        "iconMarginHorizontal": 4,
        "iconTintColor": "#ffffff",
        "iconWidth": 13,
        "minHeight": 24,
        "minWidth": 24,
        "padding": 4,
        "textColor": "text-primary-inverse",
        "textFontSize": 12,
        "textFontWeight": 800,
        "textMarginHorizontal": 4,
      },
      "filled.info.medium.disabled": {
        "backgroundColor": "#03A9F4",
        "borderRadius": 6,
        "iconHeight": 13,
        "iconMarginHorizontal": 4,
        "iconTintColor": "#ffffff",
        "iconWidth": 13,
        "minHeight": 24,
        "minWidth": 24,
        "padding": 4,
        "textColor": "text-primary-inverse",
        "textFontSize": 12,
        "textFontWeight": 800,
        "textMarginHorizontal": 4,
      },
      "filled.info.medium.disabled.active": {
        "backgroundColor": "#039BE5",
        "borderRadius": 6,
        "iconHeight": 13,
        "iconMarginHorizontal": 4,
        "iconTintColor": "#ffffff",
        "iconWidth": 13,
        "minHeight": 24,
        "minWidth": 24,
        "padding": 4,
        "textColor": "text-primary-inverse",
        "textFontSize": 12,
        "textFontWeight": 800,
        "textMarginHorizontal": 4,
      },
      "filled.info.small": {
        "backgroundColor": "#03A9F4",
        "borderRadius": 6,
        "iconHeight": 12,
        "iconMarginHorizontal": 3.5,
        "iconTintColor": "#ffffff",
        "iconWidth": 12,
        "minHeight": 20,
        "minWidth": 20,
        "padding": 3.5,
        "textColor": "text-primary-inverse",
        "textFontSize": 11,
        "textFontWeight": 800,
        "textMarginHorizontal": 3.5,
      },
      "filled.info.small.active": {
        "backgroundColor": "#039BE5",
        "borderRadius": 6,
        "iconHeight": 12,
        "iconMarginHorizontal": 3.5,
        "iconTintColor": "#ffffff",
        "iconWidth": 12,
        "minHeight": 20,
        "minWidth": 20,
        "padding": 3.5,
        "textColor": "text-primary-inverse",
        "textFontSize": 11,
        "textFontWeight": 800,
        "textMarginHorizontal": 3.5,
      },
      "filled.info.small.disabled": {
        "backgroundColor": "#03A9F4",
        "borderRadius": 6,
        "iconHeight": 12,
        "iconMarginHorizontal": 3.5,
        "iconTintColor": "#ffffff",
        "iconWidth": 12,
        "minHeight": 20,
        "minWidth": 20,
        "padding": 3.5,
        "textColor": "text-primary-inverse",
        "textFontSize": 11,
        "textFontWeight": 800,
        "textMarginHorizontal": 3.5,
      },
      "filled.info.small.disabled.active": {
        "backgroundColor": "#039BE5",
        "borderRadius": 6,
        "iconHeight": 12,
        "iconMarginHorizontal": 3.5,
        "iconTintColor": "#ffffff",
        "iconWidth": 12,
        "minHeight": 20,
        "minWidth": 20,
        "padding": 3.5,
        "textColor": "text-primary-inverse",
        "textFontSize": 11,
        "textFontWeight": 800,
        "textMarginHorizontal": 3.5,
      },
      "filled.info.tiny": {
        "backgroundColor": "#03A9F4",
        "borderRadius": 6,
        "iconHeight": 11,
        "iconMarginHorizontal": 3,
        "iconTintColor": "#ffffff",
        "iconWidth": 11,
        "minHeight": 16,
        "minWidth": 16,
        "padding": 3,
        "textColor": "text-primary-inverse",
        "textFontSize": 10,
        "textFontWeight": 800,
        "textMarginHorizontal": 3,
      },
      "filled.info.tiny.active": {
        "backgroundColor": "#039BE5",
        "borderRadius": 6,
        "iconHeight": 11,
        "iconMarginHorizontal": 3,
        "iconTintColor": "#ffffff",
        "iconWidth": 11,
        "minHeight": 16,
        "minWidth": 16,
        "padding": 3,
        "textColor": "text-primary-inverse",
        "textFontSize": 10,
        "textFontWeight": 800,
        "textMarginHorizontal": 3,
      },
      "filled.info.tiny.disabled": {
        "backgroundColor": "#03A9F4",
        "borderRadius": 6,
        "iconHeight": 11,
        "iconMarginHorizontal": 3,
        "iconTintColor": "#ffffff",
        "iconWidth": 11,
        "minHeight": 16,
        "minWidth": 16,
        "padding": 3,
        "textColor": "text-primary-inverse",
        "textFontSize": 10,
        "textFontWeight": 800,
        "textMarginHorizontal": 3,
      },
      "filled.info.tiny.disabled.active": {
        "backgroundColor": "#039BE5",
        "borderRadius": 6,
        "iconHeight": 11,
        "iconMarginHorizontal": 3,
        "iconTintColor": "#ffffff",
        "iconWidth": 11,
        "minHeight": 16,
        "minWidth": 16,
        "padding": 3,
        "textColor": "text-primary-inverse",
        "textFontSize": 10,
        "textFontWeight": 800,
        "textMarginHorizontal": 3,
      },
      "filled.primary.giant": {
        "backgroundColor": "#2196F3",
        "borderRadius": 6,
        "iconHeight": 15,
        "iconMarginHorizontal": 5,
        "iconTintColor": "#ffffff",
        "iconWidth": 15,
        "minHeight": 36,
        "minWidth": 36,
        "padding": 5,
        "textColor": "text-primary-inverse",
        "textFontSize": 14,
        "textFontWeight": 800,
        "textMarginHorizontal": 5,
      },
      "filled.primary.giant.active": {
        "backgroundColor": "#1E88E5",
        "borderRadius": 6,
        "iconHeight": 15,
        "iconMarginHorizontal": 5,
        "iconTintColor": "#ffffff",
        "iconWidth": 15,
        "minHeight": 36,
        "minWidth": 36,
        "padding": 5,
        "textColor": "text-primary-inverse",
        "textFontSize": 14,
        "textFontWeight": 800,
        "textMarginHorizontal": 5,
      },
      "filled.primary.giant.disabled": {
        "backgroundColor": "#2196F3",
        "borderRadius": 6,
        "iconHeight": 15,
        "iconMarginHorizontal": 5,
        "iconTintColor": "#ffffff",
        "iconWidth": 15,
        "minHeight": 36,
        "minWidth": 36,
        "padding": 5,
        "textColor": "text-primary-inverse",
        "textFontSize": 14,
        "textFontWeight": 800,
        "textMarginHorizontal": 5,
      },
      "filled.primary.giant.disabled.active": {
        "backgroundColor": "#1E88E5",
        "borderRadius": 6,
        "iconHeight": 15,
        "iconMarginHorizontal": 5,
        "iconTintColor": "#ffffff",
        "iconWidth": 15,
        "minHeight": 36,
        "minWidth": 36,
        "padding": 5,
        "textColor": "text-primary-inverse",
        "textFontSize": 14,
        "textFontWeight": 800,
        "textMarginHorizontal": 5,
      },
      "filled.primary.large": {
        "backgroundColor": "#2196F3",
        "borderRadius": 6,
        "iconHeight": 14,
        "iconMarginHorizontal": 4.5,
        "iconTintColor": "#ffffff",
        "iconWidth": 14,
        "minHeight": 30,
        "minWidth": 30,
        "padding": 4.5,
        "textColor": "text-primary-inverse",
        "textFontSize": 13,
        "textFontWeight": 800,
        "textMarginHorizontal": 4.5,
      },
      "filled.primary.large.active": {
        "backgroundColor": "#1E88E5",
        "borderRadius": 6,
        "iconHeight": 14,
        "iconMarginHorizontal": 4.5,
        "iconTintColor": "#ffffff",
        "iconWidth": 14,
        "minHeight": 30,
        "minWidth": 30,
        "padding": 4.5,
        "textColor": "text-primary-inverse",
        "textFontSize": 13,
        "textFontWeight": 800,
        "textMarginHorizontal": 4.5,
      },
      "filled.primary.large.disabled": {
        "backgroundColor": "#2196F3",
        "borderRadius": 6,
        "iconHeight": 14,
        "iconMarginHorizontal": 4.5,
        "iconTintColor": "#ffffff",
        "iconWidth": 14,
        "minHeight": 30,
        "minWidth": 30,
        "padding": 4.5,
        "textColor": "text-primary-inverse",
        "textFontSize": 13,
        "textFontWeight": 800,
        "textMarginHorizontal": 4.5,
      },
      "filled.primary.large.disabled.active": {
        "backgroundColor": "#1E88E5",
        "borderRadius": 6,
        "iconHeight": 14,
        "iconMarginHorizontal": 4.5,
        "iconTintColor": "#ffffff",
        "iconWidth": 14,
        "minHeight": 30,
        "minWidth": 30,
        "padding": 4.5,
        "textColor": "text-primary-inverse",
        "textFontSize": 13,
        "textFontWeight": 800,
        "textMarginHorizontal": 4.5,
      },
      "filled.primary.medium": {
        "backgroundColor": "#2196F3",
        "borderRadius": 6,
        "iconHeight": 13,
        "iconMarginHorizontal": 4,
        "iconTintColor": "#ffffff",
        "iconWidth": 13,
        "minHeight": 24,
        "minWidth": 24,
        "padding": 4,
        "textColor": "text-primary-inverse",
        "textFontSize": 12,
        "textFontWeight": 800,
        "textMarginHorizontal": 4,
      },
      "filled.primary.medium.active": {
        "backgroundColor": "#1E88E5",
        "borderRadius": 6,
        "iconHeight": 13,
        "iconMarginHorizontal": 4,
        "iconTintColor": "#ffffff",
        "iconWidth": 13,
        "minHeight": 24,
        "minWidth": 24,
        "padding": 4,
        "textColor": "text-primary-inverse",
        "textFontSize": 12,
        "textFontWeight": 800,
        "textMarginHorizontal": 4,
      },
      "filled.primary.medium.disabled": {
        "backgroundColor": "#2196F3",
        "borderRadius": 6,
        "iconHeight": 13,
        "iconMarginHorizontal": 4,
        "iconTintColor": "#ffffff",
        "iconWidth": 13,
        "minHeight": 24,
        "minWidth": 24,
        "padding": 4,
        "textColor": "text-primary-inverse",
        "textFontSize": 12,
        "textFontWeight": 800,
        "textMarginHorizontal": 4,
      },
      "filled.primary.medium.disabled.active": {
        "backgroundColor": "#1E88E5",
        "borderRadius": 6,
        "iconHeight": 13,
        "iconMarginHorizontal": 4,
        "iconTintColor": "#ffffff",
        "iconWidth": 13,
        "minHeight": 24,
        "minWidth": 24,
        "padding": 4,
        "textColor": "text-primary-inverse",
        "textFontSize": 12,
        "textFontWeight": 800,
        "textMarginHorizontal": 4,
      },
      "filled.primary.small": {
        "backgroundColor": "#2196F3",
        "borderRadius": 6,
        "iconHeight": 12,
        "iconMarginHorizontal": 3.5,
        "iconTintColor": "#ffffff",
        "iconWidth": 12,
        "minHeight": 20,
        "minWidth": 20,
        "padding": 3.5,
        "textColor": "text-primary-inverse",
        "textFontSize": 11,
        "textFontWeight": 800,
        "textMarginHorizontal": 3.5,
      },
      "filled.primary.small.active": {
        "backgroundColor": "#1E88E5",
        "borderRadius": 6,
        "iconHeight": 12,
        "iconMarginHorizontal": 3.5,
        "iconTintColor": "#ffffff",
        "iconWidth": 12,
        "minHeight": 20,
        "minWidth": 20,
        "padding": 3.5,
        "textColor": "text-primary-inverse",
        "textFontSize": 11,
        "textFontWeight": 800,
        "textMarginHorizontal": 3.5,
      },
      "filled.primary.small.disabled": {
        "backgroundColor": "#2196F3",
        "borderRadius": 6,
        "iconHeight": 12,
        "iconMarginHorizontal": 3.5,
        "iconTintColor": "#ffffff",
        "iconWidth": 12,
        "minHeight": 20,
        "minWidth": 20,
        "padding": 3.5,
        "textColor": "text-primary-inverse",
        "textFontSize": 11,
        "textFontWeight": 800,
        "textMarginHorizontal": 3.5,
      },
      "filled.primary.small.disabled.active": {
        "backgroundColor": "#1E88E5",
        "borderRadius": 6,
        "iconHeight": 12,
        "iconMarginHorizontal": 3.5,
        "iconTintColor": "#ffffff",
        "iconWidth": 12,
        "minHeight": 20,
        "minWidth": 20,
        "padding": 3.5,
        "textColor": "text-primary-inverse",
        "textFontSize": 11,
        "textFontWeight": 800,
        "textMarginHorizontal": 3.5,
      },
      "filled.primary.tiny": {
        "backgroundColor": "#2196F3",
        "borderRadius": 6,
        "iconHeight": 11,
        "iconMarginHorizontal": 3,
        "iconTintColor": "#ffffff",
        "iconWidth": 11,
        "minHeight": 16,
        "minWidth": 16,
        "padding": 3,
        "textColor": "text-primary-inverse",
        "textFontSize": 10,
        "textFontWeight": 800,
        "textMarginHorizontal": 3,
      },
      "filled.primary.tiny.active": {
        "backgroundColor": "#1E88E5",
        "borderRadius": 6,
        "iconHeight": 11,
        "iconMarginHorizontal": 3,
        "iconTintColor": "#ffffff",
        "iconWidth": 11,
        "minHeight": 16,
        "minWidth": 16,
        "padding": 3,
        "textColor": "text-primary-inverse",
        "textFontSize": 10,
        "textFontWeight": 800,
        "textMarginHorizontal": 3,
      },
      "filled.primary.tiny.disabled": {
        "backgroundColor": "#2196F3",
        "borderRadius": 6,
        "iconHeight": 11,
        "iconMarginHorizontal": 3,
        "iconTintColor": "#ffffff",
        "iconWidth": 11,
        "minHeight": 16,
        "minWidth": 16,
        "padding": 3,
        "textColor": "text-primary-inverse",
        "textFontSize": 10,
        "textFontWeight": 800,
        "textMarginHorizontal": 3,
      },
      "filled.primary.tiny.disabled.active": {
        "backgroundColor": "#1E88E5",
        "borderRadius": 6,
        "iconHeight": 11,
        "iconMarginHorizontal": 3,
        "iconTintColor": "#ffffff",
        "iconWidth": 11,
        "minHeight": 16,
        "minWidth": 16,
        "padding": 3,
        "textColor": "text-primary-inverse",
        "textFontSize": 10,
        "textFontWeight": 800,
        "textMarginHorizontal": 3,
      },
      "filled.success.giant": {
        "backgroundColor": "#4CAF50",
        "borderRadius": 6,
        "iconHeight": 15,
        "iconMarginHorizontal": 5,
        "iconTintColor": "#ffffff",
        "iconWidth": 15,
        "minHeight": 36,
        "minWidth": 36,
        "padding": 5,
        "textColor": "text-primary-inverse",
        "textFontSize": 14,
        "textFontWeight": 800,
        "textMarginHorizontal": 5,
      },
      "filled.success.giant.active": {
        "backgroundColor": "#43A047",
        "borderRadius": 6,
        "iconHeight": 15,
        "iconMarginHorizontal": 5,
        "iconTintColor": "#ffffff",
        "iconWidth": 15,
        "minHeight": 36,
        "minWidth": 36,
        "padding": 5,
        "textColor": "text-primary-inverse",
        "textFontSize": 14,
        "textFontWeight": 800,
        "textMarginHorizontal": 5,
      },
      "filled.success.giant.disabled": {
        "backgroundColor": "#4CAF50",
        "borderRadius": 6,
        "iconHeight": 15,
        "iconMarginHorizontal": 5,
        "iconTintColor": "#ffffff",
        "iconWidth": 15,
        "minHeight": 36,
        "minWidth": 36,
        "padding": 5,
        "textColor": "text-primary-inverse",
        "textFontSize": 14,
        "textFontWeight": 800,
        "textMarginHorizontal": 5,
      },
      "filled.success.giant.disabled.active": {
        "backgroundColor": "#43A047",
        "borderRadius": 6,
        "iconHeight": 15,
        "iconMarginHorizontal": 5,
        "iconTintColor": "#ffffff",
        "iconWidth": 15,
        "minHeight": 36,
        "minWidth": 36,
        "padding": 5,
        "textColor": "text-primary-inverse",
        "textFontSize": 14,
        "textFontWeight": 800,
        "textMarginHorizontal": 5,
      },
      "filled.success.large": {
        "backgroundColor": "#4CAF50",
        "borderRadius": 6,
        "iconHeight": 14,
        "iconMarginHorizontal": 4.5,
        "iconTintColor": "#ffffff",
        "iconWidth": 14,
        "minHeight": 30,
        "minWidth": 30,
        "padding": 4.5,
        "textColor": "text-primary-inverse",
        "textFontSize": 13,
        "textFontWeight": 800,
        "textMarginHorizontal": 4.5,
      },
      "filled.success.large.active": {
        "backgroundColor": "#43A047",
        "borderRadius": 6,
        "iconHeight": 14,
        "iconMarginHorizontal": 4.5,
        "iconTintColor": "#ffffff",
        "iconWidth": 14,
        "minHeight": 30,
        "minWidth": 30,
        "padding": 4.5,
        "textColor": "text-primary-inverse",
        "textFontSize": 13,
        "textFontWeight": 800,
        "textMarginHorizontal": 4.5,
      },
      "filled.success.large.disabled": {
        "backgroundColor": "#4CAF50",
        "borderRadius": 6,
        "iconHeight": 14,
        "iconMarginHorizontal": 4.5,
        "iconTintColor": "#ffffff",
        "iconWidth": 14,
        "minHeight": 30,
        "minWidth": 30,
        "padding": 4.5,
        "textColor": "text-primary-inverse",
        "textFontSize": 13,
        "textFontWeight": 800,
        "textMarginHorizontal": 4.5,
      },
      "filled.success.large.disabled.active": {
        "backgroundColor": "#43A047",
        "borderRadius": 6,
        "iconHeight": 14,
        "iconMarginHorizontal": 4.5,
        "iconTintColor": "#ffffff",
        "iconWidth": 14,
        "minHeight": 30,
        "minWidth": 30,
        "padding": 4.5,
        "textColor": "text-primary-inverse",
        "textFontSize": 13,
        "textFontWeight": 800,
        "textMarginHorizontal": 4.5,
      },
      "filled.success.medium": {
        "backgroundColor": "#4CAF50",
        "borderRadius": 6,
        "iconHeight": 13,
        "iconMarginHorizontal": 4,
        "iconTintColor": "#ffffff",
        "iconWidth": 13,
        "minHeight": 24,
        "minWidth": 24,
        "padding": 4,
        "textColor": "text-primary-inverse",
        "textFontSize": 12,
        "textFontWeight": 800,
        "textMarginHorizontal": 4,
      },
      "filled.success.medium.active": {
        "backgroundColor": "#43A047",
        "borderRadius": 6,
        "iconHeight": 13,
        "iconMarginHorizontal": 4,
        "iconTintColor": "#ffffff",
        "iconWidth": 13,
        "minHeight": 24,
        "minWidth": 24,
        "padding": 4,
        "textColor": "text-primary-inverse",
        "textFontSize": 12,
        "textFontWeight": 800,
        "textMarginHorizontal": 4,
      },
      "filled.success.medium.disabled": {
        "backgroundColor": "#4CAF50",
        "borderRadius": 6,
        "iconHeight": 13,
        "iconMarginHorizontal": 4,
        "iconTintColor": "#ffffff",
        "iconWidth": 13,
        "minHeight": 24,
        "minWidth": 24,
        "padding": 4,
        "textColor": "text-primary-inverse",
        "textFontSize": 12,
        "textFontWeight": 800,
        "textMarginHorizontal": 4,
      },
      "filled.success.medium.disabled.active": {
        "backgroundColor": "#43A047",
        "borderRadius": 6,
        "iconHeight": 13,
        "iconMarginHorizontal": 4,
        "iconTintColor": "#ffffff",
        "iconWidth": 13,
        "minHeight": 24,
        "minWidth": 24,
        "padding": 4,
        "textColor": "text-primary-inverse",
        "textFontSize": 12,
        "textFontWeight": 800,
        "textMarginHorizontal": 4,
      },
      "filled.success.small": {
        "backgroundColor": "#4CAF50",
        "borderRadius": 6,
        "iconHeight": 12,
        "iconMarginHorizontal": 3.5,
        "iconTintColor": "#ffffff",
        "iconWidth": 12,
        "minHeight": 20,
        "minWidth": 20,
        "padding": 3.5,
        "textColor": "text-primary-inverse",
        "textFontSize": 11,
        "textFontWeight": 800,
        "textMarginHorizontal": 3.5,
      },
      "filled.success.small.active": {
        "backgroundColor": "#43A047",
        "borderRadius": 6,
        "iconHeight": 12,
        "iconMarginHorizontal": 3.5,
        "iconTintColor": "#ffffff",
        "iconWidth": 12,
        "minHeight": 20,
        "minWidth": 20,
        "padding": 3.5,
        "textColor": "text-primary-inverse",
        "textFontSize": 11,
        "textFontWeight": 800,
        "textMarginHorizontal": 3.5,
      },
      "filled.success.small.disabled": {
        "backgroundColor": "#4CAF50",
        "borderRadius": 6,
        "iconHeight": 12,
        "iconMarginHorizontal": 3.5,
        "iconTintColor": "#ffffff",
        "iconWidth": 12,
        "minHeight": 20,
        "minWidth": 20,
        "padding": 3.5,
        "textColor": "text-primary-inverse",
        "textFontSize": 11,
        "textFontWeight": 800,
        "textMarginHorizontal": 3.5,
      },
      "filled.success.small.disabled.active": {
        "backgroundColor": "#43A047",
        "borderRadius": 6,
        "iconHeight": 12,
        "iconMarginHorizontal": 3.5,
        "iconTintColor": "#ffffff",
        "iconWidth": 12,
        "minHeight": 20,
        "minWidth": 20,
        "padding": 3.5,
        "textColor": "text-primary-inverse",
        "textFontSize": 11,
        "textFontWeight": 800,
        "textMarginHorizontal": 3.5,
      },
      "filled.success.tiny": {
        "backgroundColor": "#4CAF50",
        "borderRadius": 6,
        "iconHeight": 11,
        "iconMarginHorizontal": 3,
        "iconTintColor": "#ffffff",
        "iconWidth": 11,
        "minHeight": 16,
        "minWidth": 16,
        "padding": 3,
        "textColor": "text-primary-inverse",
        "textFontSize": 10,
        "textFontWeight": 800,
        "textMarginHorizontal": 3,
      },
      "filled.success.tiny.active": {
        "backgroundColor": "#43A047",
        "borderRadius": 6,
        "iconHeight": 11,
        "iconMarginHorizontal": 3,
        "iconTintColor": "#ffffff",
        "iconWidth": 11,
        "minHeight": 16,
        "minWidth": 16,
        "padding": 3,
        "textColor": "text-primary-inverse",
        "textFontSize": 10,
        "textFontWeight": 800,
        "textMarginHorizontal": 3,
      },
      "filled.success.tiny.disabled": {
        "backgroundColor": "#4CAF50",
        "borderRadius": 6,
        "iconHeight": 11,
        "iconMarginHorizontal": 3,
        "iconTintColor": "#ffffff",
        "iconWidth": 11,
        "minHeight": 16,
        "minWidth": 16,
        "padding": 3,
        "textColor": "text-primary-inverse",
        "textFontSize": 10,
        "textFontWeight": 800,
        "textMarginHorizontal": 3,
      },
      "filled.success.tiny.disabled.active": {
        "backgroundColor": "#43A047",
        "borderRadius": 6,
        "iconHeight": 11,
        "iconMarginHorizontal": 3,
        "iconTintColor": "#ffffff",
        "iconWidth": 11,
        "minHeight": 16,
        "minWidth": 16,
        "padding": 3,
        "textColor": "text-primary-inverse",
        "textFontSize": 10,
        "textFontWeight": 800,
        "textMarginHorizontal": 3,
      },
      "filled.warning.giant": {
        "backgroundColor": "#FFC107",
        "borderRadius": 6,
        "iconHeight": 15,
        "iconMarginHorizontal": 5,
        "iconTintColor": "#ffffff",
        "iconWidth": 15,
        "minHeight": 36,
        "minWidth": 36,
        "padding": 5,
        "textColor": "text-primary-inverse",
        "textFontSize": 14,
        "textFontWeight": 800,
        "textMarginHorizontal": 5,
      },
      "filled.warning.giant.active": {
        "backgroundColor": "#FFB300",
        "borderRadius": 6,
        "iconHeight": 15,
        "iconMarginHorizontal": 5,
        "iconTintColor": "#ffffff",
        "iconWidth": 15,
        "minHeight": 36,
        "minWidth": 36,
        "padding": 5,
        "textColor": "text-primary-inverse",
        "textFontSize": 14,
        "textFontWeight": 800,
        "textMarginHorizontal": 5,
      },
      "filled.warning.giant.disabled": {
        "backgroundColor": "#FFC107",
        "borderRadius": 6,
        "iconHeight": 15,
        "iconMarginHorizontal": 5,
        "iconTintColor": "#ffffff",
        "iconWidth": 15,
        "minHeight": 36,
        "minWidth": 36,
        "padding": 5,
        "textColor": "text-primary-inverse",
        "textFontSize": 14,
        "textFontWeight": 800,
        "textMarginHorizontal": 5,
      },
      "filled.warning.giant.disabled.active": {
        "backgroundColor": "#FFB300",
        "borderRadius": 6,
        "iconHeight": 15,
        "iconMarginHorizontal": 5,
        "iconTintColor": "#ffffff",
        "iconWidth": 15,
        "minHeight": 36,
        "minWidth": 36,
        "padding": 5,
        "textColor": "text-primary-inverse",
        "textFontSize": 14,
        "textFontWeight": 800,
        "textMarginHorizontal": 5,
      },
      "filled.warning.large": {
        "backgroundColor": "#FFC107",
        "borderRadius": 6,
        "iconHeight": 14,
        "iconMarginHorizontal": 4.5,
        "iconTintColor": "#ffffff",
        "iconWidth": 14,
        "minHeight": 30,
        "minWidth": 30,
        "padding": 4.5,
        "textColor": "text-primary-inverse",
        "textFontSize": 13,
        "textFontWeight": 800,
        "textMarginHorizontal": 4.5,
      },
      "filled.warning.large.active": {
        "backgroundColor": "#FFB300",
        "borderRadius": 6,
        "iconHeight": 14,
        "iconMarginHorizontal": 4.5,
        "iconTintColor": "#ffffff",
        "iconWidth": 14,
        "minHeight": 30,
        "minWidth": 30,
        "padding": 4.5,
        "textColor": "text-primary-inverse",
        "textFontSize": 13,
        "textFontWeight": 800,
        "textMarginHorizontal": 4.5,
      },
      "filled.warning.large.disabled": {
        "backgroundColor": "#FFC107",
        "borderRadius": 6,
        "iconHeight": 14,
        "iconMarginHorizontal": 4.5,
        "iconTintColor": "#ffffff",
        "iconWidth": 14,
        "minHeight": 30,
        "minWidth": 30,
        "padding": 4.5,
        "textColor": "text-primary-inverse",
        "textFontSize": 13,
        "textFontWeight": 800,
        "textMarginHorizontal": 4.5,
      },
      "filled.warning.large.disabled.active": {
        "backgroundColor": "#FFB300",
        "borderRadius": 6,
        "iconHeight": 14,
        "iconMarginHorizontal": 4.5,
        "iconTintColor": "#ffffff",
        "iconWidth": 14,
        "minHeight": 30,
        "minWidth": 30,
        "padding": 4.5,
        "textColor": "text-primary-inverse",
        "textFontSize": 13,
        "textFontWeight": 800,
        "textMarginHorizontal": 4.5,
      },
      "filled.warning.medium": {
        "backgroundColor": "#FFC107",
        "borderRadius": 6,
        "iconHeight": 13,
        "iconMarginHorizontal": 4,
        "iconTintColor": "#ffffff",
        "iconWidth": 13,
        "minHeight": 24,
        "minWidth": 24,
        "padding": 4,
        "textColor": "text-primary-inverse",
        "textFontSize": 12,
        "textFontWeight": 800,
        "textMarginHorizontal": 4,
      },
      "filled.warning.medium.active": {
        "backgroundColor": "#FFB300",
        "borderRadius": 6,
        "iconHeight": 13,
        "iconMarginHorizontal": 4,
        "iconTintColor": "#ffffff",
        "iconWidth": 13,
        "minHeight": 24,
        "minWidth": 24,
        "padding": 4,
        "textColor": "text-primary-inverse",
        "textFontSize": 12,
        "textFontWeight": 800,
        "textMarginHorizontal": 4,
      },
      "filled.warning.medium.disabled": {
        "backgroundColor": "#FFC107",
        "borderRadius": 6,
        "iconHeight": 13,
        "iconMarginHorizontal": 4,
        "iconTintColor": "#ffffff",
        "iconWidth": 13,
        "minHeight": 24,
        "minWidth": 24,
        "padding": 4,
        "textColor": "text-primary-inverse",
        "textFontSize": 12,
        "textFontWeight": 800,
        "textMarginHorizontal": 4,
      },
      "filled.warning.medium.disabled.active": {
        "backgroundColor": "#FFB300",
        "borderRadius": 6,
        "iconHeight": 13,
        "iconMarginHorizontal": 4,
        "iconTintColor": "#ffffff",
        "iconWidth": 13,
        "minHeight": 24,
        "minWidth": 24,
        "padding": 4,
        "textColor": "text-primary-inverse",
        "textFontSize": 12,
        "textFontWeight": 800,
        "textMarginHorizontal": 4,
      },
      "filled.warning.small": {
        "backgroundColor": "#FFC107",
        "borderRadius": 6,
        "iconHeight": 12,
        "iconMarginHorizontal": 3.5,
        "iconTintColor": "#ffffff",
        "iconWidth": 12,
        "minHeight": 20,
        "minWidth": 20,
        "padding": 3.5,
        "textColor": "text-primary-inverse",
        "textFontSize": 11,
        "textFontWeight": 800,
        "textMarginHorizontal": 3.5,
      },
      "filled.warning.small.active": {
        "backgroundColor": "#FFB300",
        "borderRadius": 6,
        "iconHeight": 12,
        "iconMarginHorizontal": 3.5,
        "iconTintColor": "#ffffff",
        "iconWidth": 12,
        "minHeight": 20,
        "minWidth": 20,
        "padding": 3.5,
        "textColor": "text-primary-inverse",
        "textFontSize": 11,
        "textFontWeight": 800,
        "textMarginHorizontal": 3.5,
      },
      "filled.warning.small.disabled": {
        "backgroundColor": "#FFC107",
        "borderRadius": 6,
        "iconHeight": 12,
        "iconMarginHorizontal": 3.5,
        "iconTintColor": "#ffffff",
        "iconWidth": 12,
        "minHeight": 20,
        "minWidth": 20,
        "padding": 3.5,
        "textColor": "text-primary-inverse",
        "textFontSize": 11,
        "textFontWeight": 800,
        "textMarginHorizontal": 3.5,
      },
      "filled.warning.small.disabled.active": {
        "backgroundColor": "#FFB300",
        "borderRadius": 6,
        "iconHeight": 12,
        "iconMarginHorizontal": 3.5,
        "iconTintColor": "#ffffff",
        "iconWidth": 12,
        "minHeight": 20,
        "minWidth": 20,
        "padding": 3.5,
        "textColor": "text-primary-inverse",
        "textFontSize": 11,
        "textFontWeight": 800,
        "textMarginHorizontal": 3.5,
      },
      "filled.warning.tiny": {
        "backgroundColor": "#FFC107",
        "borderRadius": 6,
        "iconHeight": 11,
        "iconMarginHorizontal": 3,
        "iconTintColor": "#ffffff",
        "iconWidth": 11,
        "minHeight": 16,
        "minWidth": 16,
        "padding": 3,
        "textColor": "text-primary-inverse",
        "textFontSize": 10,
        "textFontWeight": 800,
        "textMarginHorizontal": 3,
      },
      "filled.warning.tiny.active": {
        "backgroundColor": "#FFB300",
        "borderRadius": 6,
        "iconHeight": 11,
        "iconMarginHorizontal": 3,
        "iconTintColor": "#ffffff",
        "iconWidth": 11,
        "minHeight": 16,
        "minWidth": 16,
        "padding": 3,
        "textColor": "text-primary-inverse",
        "textFontSize": 10,
        "textFontWeight": 800,
        "textMarginHorizontal": 3,
      },
      "filled.warning.tiny.disabled": {
        "backgroundColor": "#FFC107",
        "borderRadius": 6,
        "iconHeight": 11,
        "iconMarginHorizontal": 3,
        "iconTintColor": "#ffffff",
        "iconWidth": 11,
        "minHeight": 16,
        "minWidth": 16,
        "padding": 3,
        "textColor": "text-primary-inverse",
        "textFontSize": 10,
        "textFontWeight": 800,
        "textMarginHorizontal": 3,
      },
      "filled.warning.tiny.disabled.active": {
        "backgroundColor": "#FFB300",
        "borderRadius": 6,
        "iconHeight": 11,
        "iconMarginHorizontal": 3,
        "iconTintColor": "#ffffff",
        "iconWidth": 11,
        "minHeight": 16,
        "minWidth": 16,
        "padding": 3,
        "textColor": "text-primary-inverse",
        "textFontSize": 10,
        "textFontWeight": 800,
        "textMarginHorizontal": 3,
      },
      "outline.danger.giant": {
        "backgroundColor": "transparent",
        "borderColor": "#F44336",
        "borderRadius": 6,
        "borderWidth": 2,
        "iconHeight": 15,
        "iconMarginHorizontal": 5,
        "iconTintColor": "#F44336",
        "iconWidth": 15,
        "minHeight": 36,
        "minWidth": 36,
        "padding": 5,
        "textColor": "#F44336",
        "textFontSize": 14,
        "textFontWeight": 800,
        "textMarginHorizontal": 5,
      },
      "outline.danger.giant.active": {
        "backgroundColor": "transparent",
        "borderColor": "#E53935",
        "borderRadius": 6,
        "borderWidth": 2,
        "iconHeight": 15,
        "iconMarginHorizontal": 5,
        "iconTintColor": "#E53935",
        "iconWidth": 15,
        "minHeight": 36,
        "minWidth": 36,
        "padding": 5,
        "textColor": "#E53935",
        "textFontSize": 14,
        "textFontWeight": 800,
        "textMarginHorizontal": 5,
      },
      "outline.danger.giant.disabled": {
        "backgroundColor": "transparent",
        "borderColor": "#F44336",
        "borderRadius": 6,
        "borderWidth": 2,
        "iconHeight": 15,
        "iconMarginHorizontal": 5,
        "iconTintColor": "#F44336",
        "iconWidth": 15,
        "minHeight": 36,
        "minWidth": 36,
        "padding": 5,
        "textColor": "#F44336",
        "textFontSize": 14,
        "textFontWeight": 800,
        "textMarginHorizontal": 5,
      },
      "outline.danger.giant.disabled.active": {
        "backgroundColor": "transparent",
        "borderColor": "#E53935",
        "borderRadius": 6,
        "borderWidth": 2,
        "iconHeight": 15,
        "iconMarginHorizontal": 5,
        "iconTintColor": "#E53935",
        "iconWidth": 15,
        "minHeight": 36,
        "minWidth": 36,
        "padding": 5,
        "textColor": "#E53935",
        "textFontSize": 14,
        "textFontWeight": 800,
        "textMarginHorizontal": 5,
      },
      "outline.danger.large": {
        "backgroundColor": "transparent",
        "borderColor": "#F44336",
        "borderRadius": 6,
        "borderWidth": 2,
        "iconHeight": 14,
        "iconMarginHorizontal": 4.5,
        "iconTintColor": "#F44336",
        "iconWidth": 14,
        "minHeight": 30,
        "minWidth": 30,
        "padding": 4.5,
        "textColor": "#F44336",
        "textFontSize": 13,
        "textFontWeight": 800,
        "textMarginHorizontal": 4.5,
      },
      "outline.danger.large.active": {
        "backgroundColor": "transparent",
        "borderColor": "#E53935",
        "borderRadius": 6,
        "borderWidth": 2,
        "iconHeight": 14,
        "iconMarginHorizontal": 4.5,
        "iconTintColor": "#E53935",
        "iconWidth": 14,
        "minHeight": 30,
        "minWidth": 30,
        "padding": 4.5,
        "textColor": "#E53935",
        "textFontSize": 13,
        "textFontWeight": 800,
        "textMarginHorizontal": 4.5,
      },
      "outline.danger.large.disabled": {
        "backgroundColor": "transparent",
        "borderColor": "#F44336",
        "borderRadius": 6,
        "borderWidth": 2,
        "iconHeight": 14,
        "iconMarginHorizontal": 4.5,
        "iconTintColor": "#F44336",
        "iconWidth": 14,
        "minHeight": 30,
        "minWidth": 30,
        "padding": 4.5,
        "textColor": "#F44336",
        "textFontSize": 13,
        "textFontWeight": 800,
        "textMarginHorizontal": 4.5,
      },
      "outline.danger.large.disabled.active": {
        "backgroundColor": "transparent",
        "borderColor": "#E53935",
        "borderRadius": 6,
        "borderWidth": 2,
        "iconHeight": 14,
        "iconMarginHorizontal": 4.5,
        "iconTintColor": "#E53935",
        "iconWidth": 14,
        "minHeight": 30,
        "minWidth": 30,
        "padding": 4.5,
        "textColor": "#E53935",
        "textFontSize": 13,
        "textFontWeight": 800,
        "textMarginHorizontal": 4.5,
      },
      "outline.danger.medium": {
        "backgroundColor": "transparent",
        "borderColor": "#F44336",
        "borderRadius": 6,
        "borderWidth": 2,
        "iconHeight": 13,
        "iconMarginHorizontal": 4,
        "iconTintColor": "#F44336",
        "iconWidth": 13,
        "minHeight": 24,
        "minWidth": 24,
        "padding": 4,
        "textColor": "#F44336",
        "textFontSize": 12,
        "textFontWeight": 800,
        "textMarginHorizontal": 4,
      },
      "outline.danger.medium.active": {
        "backgroundColor": "transparent",
        "borderColor": "#E53935",
        "borderRadius": 6,
        "borderWidth": 2,
        "iconHeight": 13,
        "iconMarginHorizontal": 4,
        "iconTintColor": "#E53935",
        "iconWidth": 13,
        "minHeight": 24,
        "minWidth": 24,
        "padding": 4,
        "textColor": "#E53935",
        "textFontSize": 12,
        "textFontWeight": 800,
        "textMarginHorizontal": 4,
      },
      "outline.danger.medium.disabled": {
        "backgroundColor": "transparent",
        "borderColor": "#F44336",
        "borderRadius": 6,
        "borderWidth": 2,
        "iconHeight": 13,
        "iconMarginHorizontal": 4,
        "iconTintColor": "#F44336",
        "iconWidth": 13,
        "minHeight": 24,
        "minWidth": 24,
        "padding": 4,
        "textColor": "#F44336",
        "textFontSize": 12,
        "textFontWeight": 800,
        "textMarginHorizontal": 4,
      },
      "outline.danger.medium.disabled.active": {
        "backgroundColor": "transparent",
        "borderColor": "#E53935",
        "borderRadius": 6,
        "borderWidth": 2,
        "iconHeight": 13,
        "iconMarginHorizontal": 4,
        "iconTintColor": "#E53935",
        "iconWidth": 13,
        "minHeight": 24,
        "minWidth": 24,
        "padding": 4,
        "textColor": "#E53935",
        "textFontSize": 12,
        "textFontWeight": 800,
        "textMarginHorizontal": 4,
      },
      "outline.danger.small": {
        "backgroundColor": "transparent",
        "borderColor": "#F44336",
        "borderRadius": 6,
        "borderWidth": 2,
        "iconHeight": 12,
        "iconMarginHorizontal": 3.5,
        "iconTintColor": "#F44336",
        "iconWidth": 12,
        "minHeight": 20,
        "minWidth": 20,
        "padding": 3.5,
        "textColor": "#F44336",
        "textFontSize": 11,
        "textFontWeight": 800,
        "textMarginHorizontal": 3.5,
      },
      "outline.danger.small.active": {
        "backgroundColor": "transparent",
        "borderColor": "#E53935",
        "borderRadius": 6,
        "borderWidth": 2,
        "iconHeight": 12,
        "iconMarginHorizontal": 3.5,
        "iconTintColor": "#E53935",
        "iconWidth": 12,
        "minHeight": 20,
        "minWidth": 20,
        "padding": 3.5,
        "textColor": "#E53935",
        "textFontSize": 11,
        "textFontWeight": 800,
        "textMarginHorizontal": 3.5,
      },
      "outline.danger.small.disabled": {
        "backgroundColor": "transparent",
        "borderColor": "#F44336",
        "borderRadius": 6,
        "borderWidth": 2,
        "iconHeight": 12,
        "iconMarginHorizontal": 3.5,
        "iconTintColor": "#F44336",
        "iconWidth": 12,
        "minHeight": 20,
        "minWidth": 20,
        "padding": 3.5,
        "textColor": "#F44336",
        "textFontSize": 11,
        "textFontWeight": 800,
        "textMarginHorizontal": 3.5,
      },
      "outline.danger.small.disabled.active": {
        "backgroundColor": "transparent",
        "borderColor": "#E53935",
        "borderRadius": 6,
        "borderWidth": 2,
        "iconHeight": 12,
        "iconMarginHorizontal": 3.5,
        "iconTintColor": "#E53935",
        "iconWidth": 12,
        "minHeight": 20,
        "minWidth": 20,
        "padding": 3.5,
        "textColor": "#E53935",
        "textFontSize": 11,
        "textFontWeight": 800,
        "textMarginHorizontal": 3.5,
      },
      "outline.danger.tiny": {
        "backgroundColor": "transparent",
        "borderColor": "#F44336",
        "borderRadius": 6,
        "borderWidth": 2,
        "iconHeight": 11,
        "iconMarginHorizontal": 3,
        "iconTintColor": "#F44336",
        "iconWidth": 11,
        "minHeight": 16,
        "minWidth": 16,
        "padding": 3,
        "textColor": "#F44336",
        "textFontSize": 10,
        "textFontWeight": 800,
        "textMarginHorizontal": 3,
      },
      "outline.danger.tiny.active": {
        "backgroundColor": "transparent",
        "borderColor": "#E53935",
        "borderRadius": 6,
        "borderWidth": 2,
        "iconHeight": 11,
        "iconMarginHorizontal": 3,
        "iconTintColor": "#E53935",
        "iconWidth": 11,
        "minHeight": 16,
        "minWidth": 16,
        "padding": 3,
        "textColor": "#E53935",
        "textFontSize": 10,
        "textFontWeight": 800,
        "textMarginHorizontal": 3,
      },
      "outline.danger.tiny.disabled": {
        "backgroundColor": "transparent",
        "borderColor": "#F44336",
        "borderRadius": 6,
        "borderWidth": 2,
        "iconHeight": 11,
        "iconMarginHorizontal": 3,
        "iconTintColor": "#F44336",
        "iconWidth": 11,
        "minHeight": 16,
        "minWidth": 16,
        "padding": 3,
        "textColor": "#F44336",
        "textFontSize": 10,
        "textFontWeight": 800,
        "textMarginHorizontal": 3,
      },
      "outline.danger.tiny.disabled.active": {
        "backgroundColor": "transparent",
        "borderColor": "#E53935",
        "borderRadius": 6,
        "borderWidth": 2,
        "iconHeight": 11,
        "iconMarginHorizontal": 3,
        "iconTintColor": "#E53935",
        "iconWidth": 11,
        "minHeight": 16,
        "minWidth": 16,
        "padding": 3,
        "textColor": "#E53935",
        "textFontSize": 10,
        "textFontWeight": 800,
        "textMarginHorizontal": 3,
      },
      "outline.info.giant": {
        "backgroundColor": "transparent",
        "borderColor": "#03A9F4",
        "borderRadius": 6,
        "borderWidth": 2,
        "iconHeight": 15,
        "iconMarginHorizontal": 5,
        "iconTintColor": "#03A9F4",
        "iconWidth": 15,
        "minHeight": 36,
        "minWidth": 36,
        "padding": 5,
        "textColor": "#03A9F4",
        "textFontSize": 14,
        "textFontWeight": 800,
        "textMarginHorizontal": 5,
      },
      "outline.info.giant.active": {
        "backgroundColor": "transparent",
        "borderColor": "#039BE5",
        "borderRadius": 6,
        "borderWidth": 2,
        "iconHeight": 15,
        "iconMarginHorizontal": 5,
        "iconTintColor": "#039BE5",
        "iconWidth": 15,
        "minHeight": 36,
        "minWidth": 36,
        "padding": 5,
        "textColor": "#039BE5",
        "textFontSize": 14,
        "textFontWeight": 800,
        "textMarginHorizontal": 5,
      },
      "outline.info.giant.disabled": {
        "backgroundColor": "transparent",
        "borderColor": "#03A9F4",
        "borderRadius": 6,
        "borderWidth": 2,
        "iconHeight": 15,
        "iconMarginHorizontal": 5,
        "iconTintColor": "#03A9F4",
        "iconWidth": 15,
        "minHeight": 36,
        "minWidth": 36,
        "padding": 5,
        "textColor": "#03A9F4",
        "textFontSize": 14,
        "textFontWeight": 800,
        "textMarginHorizontal": 5,
      },
      "outline.info.giant.disabled.active": {
        "backgroundColor": "transparent",
        "borderColor": "#039BE5",
        "borderRadius": 6,
        "borderWidth": 2,
        "iconHeight": 15,
        "iconMarginHorizontal": 5,
        "iconTintColor": "#039BE5",
        "iconWidth": 15,
        "minHeight": 36,
        "minWidth": 36,
        "padding": 5,
        "textColor": "#039BE5",
        "textFontSize": 14,
        "textFontWeight": 800,
        "textMarginHorizontal": 5,
      },
      "outline.info.large": {
        "backgroundColor": "transparent",
        "borderColor": "#03A9F4",
        "borderRadius": 6,
        "borderWidth": 2,
        "iconHeight": 14,
        "iconMarginHorizontal": 4.5,
        "iconTintColor": "#03A9F4",
        "iconWidth": 14,
        "minHeight": 30,
        "minWidth": 30,
        "padding": 4.5,
        "textColor": "#03A9F4",
        "textFontSize": 13,
        "textFontWeight": 800,
        "textMarginHorizontal": 4.5,
      },
      "outline.info.large.active": {
        "backgroundColor": "transparent",
        "borderColor": "#039BE5",
        "borderRadius": 6,
        "borderWidth": 2,
        "iconHeight": 14,
        "iconMarginHorizontal": 4.5,
        "iconTintColor": "#039BE5",
        "iconWidth": 14,
        "minHeight": 30,
        "minWidth": 30,
        "padding": 4.5,
        "textColor": "#039BE5",
        "textFontSize": 13,
        "textFontWeight": 800,
        "textMarginHorizontal": 4.5,
      },
      "outline.info.large.disabled": {
        "backgroundColor": "transparent",
        "borderColor": "#03A9F4",
        "borderRadius": 6,
        "borderWidth": 2,
        "iconHeight": 14,
        "iconMarginHorizontal": 4.5,
        "iconTintColor": "#03A9F4",
        "iconWidth": 14,
        "minHeight": 30,
        "minWidth": 30,
        "padding": 4.5,
        "textColor": "#03A9F4",
        "textFontSize": 13,
        "textFontWeight": 800,
        "textMarginHorizontal": 4.5,
      },
      "outline.info.large.disabled.active": {
        "backgroundColor": "transparent",
        "borderColor": "#039BE5",
        "borderRadius": 6,
        "borderWidth": 2,
        "iconHeight": 14,
        "iconMarginHorizontal": 4.5,
        "iconTintColor": "#039BE5",
        "iconWidth": 14,
        "minHeight": 30,
        "minWidth": 30,
        "padding": 4.5,
        "textColor": "#039BE5",
        "textFontSize": 13,
        "textFontWeight": 800,
        "textMarginHorizontal": 4.5,
      },
      "outline.info.medium": {
        "backgroundColor": "transparent",
        "borderColor": "#03A9F4",
        "borderRadius": 6,
        "borderWidth": 2,
        "iconHeight": 13,
        "iconMarginHorizontal": 4,
        "iconTintColor": "#03A9F4",
        "iconWidth": 13,
        "minHeight": 24,
        "minWidth": 24,
        "padding": 4,
        "textColor": "#03A9F4",
        "textFontSize": 12,
        "textFontWeight": 800,
        "textMarginHorizontal": 4,
      },
      "outline.info.medium.active": {
        "backgroundColor": "transparent",
        "borderColor": "#039BE5",
        "borderRadius": 6,
        "borderWidth": 2,
        "iconHeight": 13,
        "iconMarginHorizontal": 4,
        "iconTintColor": "#039BE5",
        "iconWidth": 13,
        "minHeight": 24,
        "minWidth": 24,
        "padding": 4,
        "textColor": "#039BE5",
        "textFontSize": 12,
        "textFontWeight": 800,
        "textMarginHorizontal": 4,
      },
      "outline.info.medium.disabled": {
        "backgroundColor": "transparent",
        "borderColor": "#03A9F4",
        "borderRadius": 6,
        "borderWidth": 2,
        "iconHeight": 13,
        "iconMarginHorizontal": 4,
        "iconTintColor": "#03A9F4",
        "iconWidth": 13,
        "minHeight": 24,
        "minWidth": 24,
        "padding": 4,
        "textColor": "#03A9F4",
        "textFontSize": 12,
        "textFontWeight": 800,
        "textMarginHorizontal": 4,
      },
      "outline.info.medium.disabled.active": {
        "backgroundColor": "transparent",
        "borderColor": "#039BE5",
        "borderRadius": 6,
        "borderWidth": 2,
        "iconHeight": 13,
        "iconMarginHorizontal": 4,
        "iconTintColor": "#039BE5",
        "iconWidth": 13,
        "minHeight": 24,
        "minWidth": 24,
        "padding": 4,
        "textColor": "#039BE5",
        "textFontSize": 12,
        "textFontWeight": 800,
        "textMarginHorizontal": 4,
      },
      "outline.info.small": {
        "backgroundColor": "transparent",
        "borderColor": "#03A9F4",
        "borderRadius": 6,
        "borderWidth": 2,
        "iconHeight": 12,
        "iconMarginHorizontal": 3.5,
        "iconTintColor": "#03A9F4",
        "iconWidth": 12,
        "minHeight": 20,
        "minWidth": 20,
        "padding": 3.5,
        "textColor": "#03A9F4",
        "textFontSize": 11,
        "textFontWeight": 800,
        "textMarginHorizontal": 3.5,
      },
      "outline.info.small.active": {
        "backgroundColor": "transparent",
        "borderColor": "#039BE5",
        "borderRadius": 6,
        "borderWidth": 2,
        "iconHeight": 12,
        "iconMarginHorizontal": 3.5,
        "iconTintColor": "#039BE5",
        "iconWidth": 12,
        "minHeight": 20,
        "minWidth": 20,
        "padding": 3.5,
        "textColor": "#039BE5",
        "textFontSize": 11,
        "textFontWeight": 800,
        "textMarginHorizontal": 3.5,
      },
      "outline.info.small.disabled": {
        "backgroundColor": "transparent",
        "borderColor": "#03A9F4",
        "borderRadius": 6,
        "borderWidth": 2,
        "iconHeight": 12,
        "iconMarginHorizontal": 3.5,
        "iconTintColor": "#03A9F4",
        "iconWidth": 12,
        "minHeight": 20,
        "minWidth": 20,
        "padding": 3.5,
        "textColor": "#03A9F4",
        "textFontSize": 11,
        "textFontWeight": 800,
        "textMarginHorizontal": 3.5,
      },
      "outline.info.small.disabled.active": {
        "backgroundColor": "transparent",
        "borderColor": "#039BE5",
        "borderRadius": 6,
        "borderWidth": 2,
        "iconHeight": 12,
        "iconMarginHorizontal": 3.5,
        "iconTintColor": "#039BE5",
        "iconWidth": 12,
        "minHeight": 20,
        "minWidth": 20,
        "padding": 3.5,
        "textColor": "#039BE5",
        "textFontSize": 11,
        "textFontWeight": 800,
        "textMarginHorizontal": 3.5,
      },
      "outline.info.tiny": {
        "backgroundColor": "transparent",
        "borderColor": "#03A9F4",
        "borderRadius": 6,
        "borderWidth": 2,
        "iconHeight": 11,
        "iconMarginHorizontal": 3,
        "iconTintColor": "#03A9F4",
        "iconWidth": 11,
        "minHeight": 16,
        "minWidth": 16,
        "padding": 3,
        "textColor": "#03A9F4",
        "textFontSize": 10,
        "textFontWeight": 800,
        "textMarginHorizontal": 3,
      },
      "outline.info.tiny.active": {
        "backgroundColor": "transparent",
        "borderColor": "#039BE5",
        "borderRadius": 6,
        "borderWidth": 2,
        "iconHeight": 11,
        "iconMarginHorizontal": 3,
        "iconTintColor": "#039BE5",
        "iconWidth": 11,
        "minHeight": 16,
        "minWidth": 16,
        "padding": 3,
        "textColor": "#039BE5",
        "textFontSize": 10,
        "textFontWeight": 800,
        "textMarginHorizontal": 3,
      },
      "outline.info.tiny.disabled": {
        "backgroundColor": "transparent",
        "borderColor": "#03A9F4",
        "borderRadius": 6,
        "borderWidth": 2,
        "iconHeight": 11,
        "iconMarginHorizontal": 3,
        "iconTintColor": "#03A9F4",
        "iconWidth": 11,
        "minHeight": 16,
        "minWidth": 16,
        "padding": 3,
        "textColor": "#03A9F4",
        "textFontSize": 10,
        "textFontWeight": 800,
        "textMarginHorizontal": 3,
      },
      "outline.info.tiny.disabled.active": {
        "backgroundColor": "transparent",
        "borderColor": "#039BE5",
        "borderRadius": 6,
        "borderWidth": 2,
        "iconHeight": 11,
        "iconMarginHorizontal": 3,
        "iconTintColor": "#039BE5",
        "iconWidth": 11,
        "minHeight": 16,
        "minWidth": 16,
        "padding": 3,
        "textColor": "#039BE5",
        "textFontSize": 10,
        "textFontWeight": 800,
        "textMarginHorizontal": 3,
      },
      "outline.primary.giant": {
        "backgroundColor": "transparent",
        "borderColor": "#2196F3",
        "borderRadius": 6,
        "borderWidth": 2,
        "iconHeight": 15,
        "iconMarginHorizontal": 5,
        "iconTintColor": "#2196F3",
        "iconWidth": 15,
        "minHeight": 36,
        "minWidth": 36,
        "padding": 5,
        "textColor": "#2196F3",
        "textFontSize": 14,
        "textFontWeight": 800,
        "textMarginHorizontal": 5,
      },
      "outline.primary.giant.active": {
        "backgroundColor": "transparent",
        "borderColor": "#1E88E5",
        "borderRadius": 6,
        "borderWidth": 2,
        "iconHeight": 15,
        "iconMarginHorizontal": 5,
        "iconTintColor": "#1E88E5",
        "iconWidth": 15,
        "minHeight": 36,
        "minWidth": 36,
        "padding": 5,
        "textColor": "#1E88E5",
        "textFontSize": 14,
        "textFontWeight": 800,
        "textMarginHorizontal": 5,
      },
      "outline.primary.giant.disabled": {
        "backgroundColor": "transparent",
        "borderColor": "#2196F3",
        "borderRadius": 6,
        "borderWidth": 2,
        "iconHeight": 15,
        "iconMarginHorizontal": 5,
        "iconTintColor": "#2196F3",
        "iconWidth": 15,
        "minHeight": 36,
        "minWidth": 36,
        "padding": 5,
        "textColor": "#2196F3",
        "textFontSize": 14,
        "textFontWeight": 800,
        "textMarginHorizontal": 5,
      },
      "outline.primary.giant.disabled.active": {
        "backgroundColor": "transparent",
        "borderColor": "#1E88E5",
        "borderRadius": 6,
        "borderWidth": 2,
        "iconHeight": 15,
        "iconMarginHorizontal": 5,
        "iconTintColor": "#1E88E5",
        "iconWidth": 15,
        "minHeight": 36,
        "minWidth": 36,
        "padding": 5,
        "textColor": "#1E88E5",
        "textFontSize": 14,
        "textFontWeight": 800,
        "textMarginHorizontal": 5,
      },
      "outline.primary.large": {
        "backgroundColor": "transparent",
        "borderColor": "#2196F3",
        "borderRadius": 6,
        "borderWidth": 2,
        "iconHeight": 14,
        "iconMarginHorizontal": 4.5,
        "iconTintColor": "#2196F3",
        "iconWidth": 14,
        "minHeight": 30,
        "minWidth": 30,
        "padding": 4.5,
        "textColor": "#2196F3",
        "textFontSize": 13,
        "textFontWeight": 800,
        "textMarginHorizontal": 4.5,
      },
      "outline.primary.large.active": {
        "backgroundColor": "transparent",
        "borderColor": "#1E88E5",
        "borderRadius": 6,
        "borderWidth": 2,
        "iconHeight": 14,
        "iconMarginHorizontal": 4.5,
        "iconTintColor": "#1E88E5",
        "iconWidth": 14,
        "minHeight": 30,
        "minWidth": 30,
        "padding": 4.5,
        "textColor": "#1E88E5",
        "textFontSize": 13,
        "textFontWeight": 800,
        "textMarginHorizontal": 4.5,
      },
      "outline.primary.large.disabled": {
        "backgroundColor": "transparent",
        "borderColor": "#2196F3",
        "borderRadius": 6,
        "borderWidth": 2,
        "iconHeight": 14,
        "iconMarginHorizontal": 4.5,
        "iconTintColor": "#2196F3",
        "iconWidth": 14,
        "minHeight": 30,
        "minWidth": 30,
        "padding": 4.5,
        "textColor": "#2196F3",
        "textFontSize": 13,
        "textFontWeight": 800,
        "textMarginHorizontal": 4.5,
      },
      "outline.primary.large.disabled.active": {
        "backgroundColor": "transparent",
        "borderColor": "#1E88E5",
        "borderRadius": 6,
        "borderWidth": 2,
        "iconHeight": 14,
        "iconMarginHorizontal": 4.5,
        "iconTintColor": "#1E88E5",
        "iconWidth": 14,
        "minHeight": 30,
        "minWidth": 30,
        "padding": 4.5,
        "textColor": "#1E88E5",
        "textFontSize": 13,
        "textFontWeight": 800,
        "textMarginHorizontal": 4.5,
      },
      "outline.primary.medium": {
        "backgroundColor": "transparent",
        "borderColor": "#2196F3",
        "borderRadius": 6,
        "borderWidth": 2,
        "iconHeight": 13,
        "iconMarginHorizontal": 4,
        "iconTintColor": "#2196F3",
        "iconWidth": 13,
        "minHeight": 24,
        "minWidth": 24,
        "padding": 4,
        "textColor": "#2196F3",
        "textFontSize": 12,
        "textFontWeight": 800,
        "textMarginHorizontal": 4,
      },
      "outline.primary.medium.active": {
        "backgroundColor": "transparent",
        "borderColor": "#1E88E5",
        "borderRadius": 6,
        "borderWidth": 2,
        "iconHeight": 13,
        "iconMarginHorizontal": 4,
        "iconTintColor": "#1E88E5",
        "iconWidth": 13,
        "minHeight": 24,
        "minWidth": 24,
        "padding": 4,
        "textColor": "#1E88E5",
        "textFontSize": 12,
        "textFontWeight": 800,
        "textMarginHorizontal": 4,
      },
      "outline.primary.medium.disabled": {
        "backgroundColor": "transparent",
        "borderColor": "#2196F3",
        "borderRadius": 6,
        "borderWidth": 2,
        "iconHeight": 13,
        "iconMarginHorizontal": 4,
        "iconTintColor": "#2196F3",
        "iconWidth": 13,
        "minHeight": 24,
        "minWidth": 24,
        "padding": 4,
        "textColor": "#2196F3",
        "textFontSize": 12,
        "textFontWeight": 800,
        "textMarginHorizontal": 4,
      },
      "outline.primary.medium.disabled.active": {
        "backgroundColor": "transparent",
        "borderColor": "#1E88E5",
        "borderRadius": 6,
        "borderWidth": 2,
        "iconHeight": 13,
        "iconMarginHorizontal": 4,
        "iconTintColor": "#1E88E5",
        "iconWidth": 13,
        "minHeight": 24,
        "minWidth": 24,
        "padding": 4,
        "textColor": "#1E88E5",
        "textFontSize": 12,
        "textFontWeight": 800,
        "textMarginHorizontal": 4,
      },
      "outline.primary.small": {
        "backgroundColor": "transparent",
        "borderColor": "#2196F3",
        "borderRadius": 6,
        "borderWidth": 2,
        "iconHeight": 12,
        "iconMarginHorizontal": 3.5,
        "iconTintColor": "#2196F3",
        "iconWidth": 12,
        "minHeight": 20,
        "minWidth": 20,
        "padding": 3.5,
        "textColor": "#2196F3",
        "textFontSize": 11,
        "textFontWeight": 800,
        "textMarginHorizontal": 3.5,
      },
      "outline.primary.small.active": {
        "backgroundColor": "transparent",
        "borderColor": "#1E88E5",
        "borderRadius": 6,
        "borderWidth": 2,
        "iconHeight": 12,
        "iconMarginHorizontal": 3.5,
        "iconTintColor": "#1E88E5",
        "iconWidth": 12,
        "minHeight": 20,
        "minWidth": 20,
        "padding": 3.5,
        "textColor": "#1E88E5",
        "textFontSize": 11,
        "textFontWeight": 800,
        "textMarginHorizontal": 3.5,
      },
      "outline.primary.small.disabled": {
        "backgroundColor": "transparent",
        "borderColor": "#2196F3",
        "borderRadius": 6,
        "borderWidth": 2,
        "iconHeight": 12,
        "iconMarginHorizontal": 3.5,
        "iconTintColor": "#2196F3",
        "iconWidth": 12,
        "minHeight": 20,
        "minWidth": 20,
        "padding": 3.5,
        "textColor": "#2196F3",
        "textFontSize": 11,
        "textFontWeight": 800,
        "textMarginHorizontal": 3.5,
      },
      "outline.primary.small.disabled.active": {
        "backgroundColor": "transparent",
        "borderColor": "#1E88E5",
        "borderRadius": 6,
        "borderWidth": 2,
        "iconHeight": 12,
        "iconMarginHorizontal": 3.5,
        "iconTintColor": "#1E88E5",
        "iconWidth": 12,
        "minHeight": 20,
        "minWidth": 20,
        "padding": 3.5,
        "textColor": "#1E88E5",
        "textFontSize": 11,
        "textFontWeight": 800,
        "textMarginHorizontal": 3.5,
      },
      "outline.primary.tiny": {
        "backgroundColor": "transparent",
        "borderColor": "#2196F3",
        "borderRadius": 6,
        "borderWidth": 2,
        "iconHeight": 11,
        "iconMarginHorizontal": 3,
        "iconTintColor": "#2196F3",
        "iconWidth": 11,
        "minHeight": 16,
        "minWidth": 16,
        "padding": 3,
        "textColor": "#2196F3",
        "textFontSize": 10,
        "textFontWeight": 800,
        "textMarginHorizontal": 3,
      },
      "outline.primary.tiny.active": {
        "backgroundColor": "transparent",
        "borderColor": "#1E88E5",
        "borderRadius": 6,
        "borderWidth": 2,
        "iconHeight": 11,
        "iconMarginHorizontal": 3,
        "iconTintColor": "#1E88E5",
        "iconWidth": 11,
        "minHeight": 16,
        "minWidth": 16,
        "padding": 3,
        "textColor": "#1E88E5",
        "textFontSize": 10,
        "textFontWeight": 800,
        "textMarginHorizontal": 3,
      },
      "outline.primary.tiny.disabled": {
        "backgroundColor": "transparent",
        "borderColor": "#2196F3",
        "borderRadius": 6,
        "borderWidth": 2,
        "iconHeight": 11,
        "iconMarginHorizontal": 3,
        "iconTintColor": "#2196F3",
        "iconWidth": 11,
        "minHeight": 16,
        "minWidth": 16,
        "padding": 3,
        "textColor": "#2196F3",
        "textFontSize": 10,
        "textFontWeight": 800,
        "textMarginHorizontal": 3,
      },
      "outline.primary.tiny.disabled.active": {
        "backgroundColor": "transparent",
        "borderColor": "#1E88E5",
        "borderRadius": 6,
        "borderWidth": 2,
        "iconHeight": 11,
        "iconMarginHorizontal": 3,
        "iconTintColor": "#1E88E5",
        "iconWidth": 11,
        "minHeight": 16,
        "minWidth": 16,
        "padding": 3,
        "textColor": "#1E88E5",
        "textFontSize": 10,
        "textFontWeight": 800,
        "textMarginHorizontal": 3,
      },
      "outline.success.giant": {
        "backgroundColor": "transparent",
        "borderColor": "#4CAF50",
        "borderRadius": 6,
        "borderWidth": 2,
        "iconHeight": 15,
        "iconMarginHorizontal": 5,
        "iconTintColor": "#4CAF50",
        "iconWidth": 15,
        "minHeight": 36,
        "minWidth": 36,
        "padding": 5,
        "textColor": "#4CAF50",
        "textFontSize": 14,
        "textFontWeight": 800,
        "textMarginHorizontal": 5,
      },
      "outline.success.giant.active": {
        "backgroundColor": "transparent",
        "borderColor": "#43A047",
        "borderRadius": 6,
        "borderWidth": 2,
        "iconHeight": 15,
        "iconMarginHorizontal": 5,
        "iconTintColor": "#43A047",
        "iconWidth": 15,
        "minHeight": 36,
        "minWidth": 36,
        "padding": 5,
        "textColor": "#43A047",
        "textFontSize": 14,
        "textFontWeight": 800,
        "textMarginHorizontal": 5,
      },
      "outline.success.giant.disabled": {
        "backgroundColor": "transparent",
        "borderColor": "#4CAF50",
        "borderRadius": 6,
        "borderWidth": 2,
        "iconHeight": 15,
        "iconMarginHorizontal": 5,
        "iconTintColor": "#4CAF50",
        "iconWidth": 15,
        "minHeight": 36,
        "minWidth": 36,
        "padding": 5,
        "textColor": "#4CAF50",
        "textFontSize": 14,
        "textFontWeight": 800,
        "textMarginHorizontal": 5,
      },
      "outline.success.giant.disabled.active": {
        "backgroundColor": "transparent",
        "borderColor": "#43A047",
        "borderRadius": 6,
        "borderWidth": 2,
        "iconHeight": 15,
        "iconMarginHorizontal": 5,
        "iconTintColor": "#43A047",
        "iconWidth": 15,
        "minHeight": 36,
        "minWidth": 36,
        "padding": 5,
        "textColor": "#43A047",
        "textFontSize": 14,
        "textFontWeight": 800,
        "textMarginHorizontal": 5,
      },
      "outline.success.large": {
        "backgroundColor": "transparent",
        "borderColor": "#4CAF50",
        "borderRadius": 6,
        "borderWidth": 2,
        "iconHeight": 14,
        "iconMarginHorizontal": 4.5,
        "iconTintColor": "#4CAF50",
        "iconWidth": 14,
        "minHeight": 30,
        "minWidth": 30,
        "padding": 4.5,
        "textColor": "#4CAF50",
        "textFontSize": 13,
        "textFontWeight": 800,
        "textMarginHorizontal": 4.5,
      },
      "outline.success.large.active": {
        "backgroundColor": "transparent",
        "borderColor": "#43A047",
        "borderRadius": 6,
        "borderWidth": 2,
        "iconHeight": 14,
        "iconMarginHorizontal": 4.5,
        "iconTintColor": "#43A047",
        "iconWidth": 14,
        "minHeight": 30,
        "minWidth": 30,
        "padding": 4.5,
        "textColor": "#43A047",
        "textFontSize": 13,
        "textFontWeight": 800,
        "textMarginHorizontal": 4.5,
      },
      "outline.success.large.disabled": {
        "backgroundColor": "transparent",
        "borderColor": "#4CAF50",
        "borderRadius": 6,
        "borderWidth": 2,
        "iconHeight": 14,
        "iconMarginHorizontal": 4.5,
        "iconTintColor": "#4CAF50",
        "iconWidth": 14,
        "minHeight": 30,
        "minWidth": 30,
        "padding": 4.5,
        "textColor": "#4CAF50",
        "textFontSize": 13,
        "textFontWeight": 800,
        "textMarginHorizontal": 4.5,
      },
      "outline.success.large.disabled.active": {
        "backgroundColor": "transparent",
        "borderColor": "#43A047",
        "borderRadius": 6,
        "borderWidth": 2,
        "iconHeight": 14,
        "iconMarginHorizontal": 4.5,
        "iconTintColor": "#43A047",
        "iconWidth": 14,
        "minHeight": 30,
        "minWidth": 30,
        "padding": 4.5,
        "textColor": "#43A047",
        "textFontSize": 13,
        "textFontWeight": 800,
        "textMarginHorizontal": 4.5,
      },
      "outline.success.medium": {
        "backgroundColor": "transparent",
        "borderColor": "#4CAF50",
        "borderRadius": 6,
        "borderWidth": 2,
        "iconHeight": 13,
        "iconMarginHorizontal": 4,
        "iconTintColor": "#4CAF50",
        "iconWidth": 13,
        "minHeight": 24,
        "minWidth": 24,
        "padding": 4,
        "textColor": "#4CAF50",
        "textFontSize": 12,
        "textFontWeight": 800,
        "textMarginHorizontal": 4,
      },
      "outline.success.medium.active": {
        "backgroundColor": "transparent",
        "borderColor": "#43A047",
        "borderRadius": 6,
        "borderWidth": 2,
        "iconHeight": 13,
        "iconMarginHorizontal": 4,
        "iconTintColor": "#43A047",
        "iconWidth": 13,
        "minHeight": 24,
        "minWidth": 24,
        "padding": 4,
        "textColor": "#43A047",
        "textFontSize": 12,
        "textFontWeight": 800,
        "textMarginHorizontal": 4,
      },
      "outline.success.medium.disabled": {
        "backgroundColor": "transparent",
        "borderColor": "#4CAF50",
        "borderRadius": 6,
        "borderWidth": 2,
        "iconHeight": 13,
        "iconMarginHorizontal": 4,
        "iconTintColor": "#4CAF50",
        "iconWidth": 13,
        "minHeight": 24,
        "minWidth": 24,
        "padding": 4,
        "textColor": "#4CAF50",
        "textFontSize": 12,
        "textFontWeight": 800,
        "textMarginHorizontal": 4,
      },
      "outline.success.medium.disabled.active": {
        "backgroundColor": "transparent",
        "borderColor": "#43A047",
        "borderRadius": 6,
        "borderWidth": 2,
        "iconHeight": 13,
        "iconMarginHorizontal": 4,
        "iconTintColor": "#43A047",
        "iconWidth": 13,
        "minHeight": 24,
        "minWidth": 24,
        "padding": 4,
        "textColor": "#43A047",
        "textFontSize": 12,
        "textFontWeight": 800,
        "textMarginHorizontal": 4,
      },
      "outline.success.small": {
        "backgroundColor": "transparent",
        "borderColor": "#4CAF50",
        "borderRadius": 6,
        "borderWidth": 2,
        "iconHeight": 12,
        "iconMarginHorizontal": 3.5,
        "iconTintColor": "#4CAF50",
        "iconWidth": 12,
        "minHeight": 20,
        "minWidth": 20,
        "padding": 3.5,
        "textColor": "#4CAF50",
        "textFontSize": 11,
        "textFontWeight": 800,
        "textMarginHorizontal": 3.5,
      },
      "outline.success.small.active": {
        "backgroundColor": "transparent",
        "borderColor": "#43A047",
        "borderRadius": 6,
        "borderWidth": 2,
        "iconHeight": 12,
        "iconMarginHorizontal": 3.5,
        "iconTintColor": "#43A047",
        "iconWidth": 12,
        "minHeight": 20,
        "minWidth": 20,
        "padding": 3.5,
        "textColor": "#43A047",
        "textFontSize": 11,
        "textFontWeight": 800,
        "textMarginHorizontal": 3.5,
      },
      "outline.success.small.disabled": {
        "backgroundColor": "transparent",
        "borderColor": "#4CAF50",
        "borderRadius": 6,
        "borderWidth": 2,
        "iconHeight": 12,
        "iconMarginHorizontal": 3.5,
        "iconTintColor": "#4CAF50",
        "iconWidth": 12,
        "minHeight": 20,
        "minWidth": 20,
        "padding": 3.5,
        "textColor": "#4CAF50",
        "textFontSize": 11,
        "textFontWeight": 800,
        "textMarginHorizontal": 3.5,
      },
      "outline.success.small.disabled.active": {
        "backgroundColor": "transparent",
        "borderColor": "#43A047",
        "borderRadius": 6,
        "borderWidth": 2,
        "iconHeight": 12,
        "iconMarginHorizontal": 3.5,
        "iconTintColor": "#43A047",
        "iconWidth": 12,
        "minHeight": 20,
        "minWidth": 20,
        "padding": 3.5,
        "textColor": "#43A047",
        "textFontSize": 11,
        "textFontWeight": 800,
        "textMarginHorizontal": 3.5,
      },
      "outline.success.tiny": {
        "backgroundColor": "transparent",
        "borderColor": "#4CAF50",
        "borderRadius": 6,
        "borderWidth": 2,
        "iconHeight": 11,
        "iconMarginHorizontal": 3,
        "iconTintColor": "#4CAF50",
        "iconWidth": 11,
        "minHeight": 16,
        "minWidth": 16,
        "padding": 3,
        "textColor": "#4CAF50",
        "textFontSize": 10,
        "textFontWeight": 800,
        "textMarginHorizontal": 3,
      },
      "outline.success.tiny.active": {
        "backgroundColor": "transparent",
        "borderColor": "#43A047",
        "borderRadius": 6,
        "borderWidth": 2,
        "iconHeight": 11,
        "iconMarginHorizontal": 3,
        "iconTintColor": "#43A047",
        "iconWidth": 11,
        "minHeight": 16,
        "minWidth": 16,
        "padding": 3,
        "textColor": "#43A047",
        "textFontSize": 10,
        "textFontWeight": 800,
        "textMarginHorizontal": 3,
      },
      "outline.success.tiny.disabled": {
        "backgroundColor": "transparent",
        "borderColor": "#4CAF50",
        "borderRadius": 6,
        "borderWidth": 2,
        "iconHeight": 11,
        "iconMarginHorizontal": 3,
        "iconTintColor": "#4CAF50",
        "iconWidth": 11,
        "minHeight": 16,
        "minWidth": 16,
        "padding": 3,
        "textColor": "#4CAF50",
        "textFontSize": 10,
        "textFontWeight": 800,
        "textMarginHorizontal": 3,
      },
      "outline.success.tiny.disabled.active": {
        "backgroundColor": "transparent",
        "borderColor": "#43A047",
        "borderRadius": 6,
        "borderWidth": 2,
        "iconHeight": 11,
        "iconMarginHorizontal": 3,
        "iconTintColor": "#43A047",
        "iconWidth": 11,
        "minHeight": 16,
        "minWidth": 16,
        "padding": 3,
        "textColor": "#43A047",
        "textFontSize": 10,
        "textFontWeight": 800,
        "textMarginHorizontal": 3,
      },
      "outline.warning.giant": {
        "backgroundColor": "transparent",
        "borderColor": "#FFC107",
        "borderRadius": 6,
        "borderWidth": 2,
        "iconHeight": 15,
        "iconMarginHorizontal": 5,
        "iconTintColor": "#FFC107",
        "iconWidth": 15,
        "minHeight": 36,
        "minWidth": 36,
        "padding": 5,
        "textColor": "#FFC107",
        "textFontSize": 14,
        "textFontWeight": 800,
        "textMarginHorizontal": 5,
      },
      "outline.warning.giant.active": {
        "backgroundColor": "transparent",
        "borderColor": "#FFB300",
        "borderRadius": 6,
        "borderWidth": 2,
        "iconHeight": 15,
        "iconMarginHorizontal": 5,
        "iconTintColor": "#FFB300",
        "iconWidth": 15,
        "minHeight": 36,
        "minWidth": 36,
        "padding": 5,
        "textColor": "#FFB300",
        "textFontSize": 14,
        "textFontWeight": 800,
        "textMarginHorizontal": 5,
      },
      "outline.warning.giant.disabled": {
        "backgroundColor": "transparent",
        "borderColor": "#FFC107",
        "borderRadius": 6,
        "borderWidth": 2,
        "iconHeight": 15,
        "iconMarginHorizontal": 5,
        "iconTintColor": "#FFC107",
        "iconWidth": 15,
        "minHeight": 36,
        "minWidth": 36,
        "padding": 5,
        "textColor": "#FFC107",
        "textFontSize": 14,
        "textFontWeight": 800,
        "textMarginHorizontal": 5,
      },
      "outline.warning.giant.disabled.active": {
        "backgroundColor": "transparent",
        "borderColor": "#FFB300",
        "borderRadius": 6,
        "borderWidth": 2,
        "iconHeight": 15,
        "iconMarginHorizontal": 5,
        "iconTintColor": "#FFB300",
        "iconWidth": 15,
        "minHeight": 36,
        "minWidth": 36,
        "padding": 5,
        "textColor": "#FFB300",
        "textFontSize": 14,
        "textFontWeight": 800,
        "textMarginHorizontal": 5,
      },
      "outline.warning.large": {
        "backgroundColor": "transparent",
        "borderColor": "#FFC107",
        "borderRadius": 6,
        "borderWidth": 2,
        "iconHeight": 14,
        "iconMarginHorizontal": 4.5,
        "iconTintColor": "#FFC107",
        "iconWidth": 14,
        "minHeight": 30,
        "minWidth": 30,
        "padding": 4.5,
        "textColor": "#FFC107",
        "textFontSize": 13,
        "textFontWeight": 800,
        "textMarginHorizontal": 4.5,
      },
      "outline.warning.large.active": {
        "backgroundColor": "transparent",
        "borderColor": "#FFB300",
        "borderRadius": 6,
        "borderWidth": 2,
        "iconHeight": 14,
        "iconMarginHorizontal": 4.5,
        "iconTintColor": "#FFB300",
        "iconWidth": 14,
        "minHeight": 30,
        "minWidth": 30,
        "padding": 4.5,
        "textColor": "#FFB300",
        "textFontSize": 13,
        "textFontWeight": 800,
        "textMarginHorizontal": 4.5,
      },
      "outline.warning.large.disabled": {
        "backgroundColor": "transparent",
        "borderColor": "#FFC107",
        "borderRadius": 6,
        "borderWidth": 2,
        "iconHeight": 14,
        "iconMarginHorizontal": 4.5,
        "iconTintColor": "#FFC107",
        "iconWidth": 14,
        "minHeight": 30,
        "minWidth": 30,
        "padding": 4.5,
        "textColor": "#FFC107",
        "textFontSize": 13,
        "textFontWeight": 800,
        "textMarginHorizontal": 4.5,
      },
      "outline.warning.large.disabled.active": {
        "backgroundColor": "transparent",
        "borderColor": "#FFB300",
        "borderRadius": 6,
        "borderWidth": 2,
        "iconHeight": 14,
        "iconMarginHorizontal": 4.5,
        "iconTintColor": "#FFB300",
        "iconWidth": 14,
        "minHeight": 30,
        "minWidth": 30,
        "padding": 4.5,
        "textColor": "#FFB300",
        "textFontSize": 13,
        "textFontWeight": 800,
        "textMarginHorizontal": 4.5,
      },
      "outline.warning.medium": {
        "backgroundColor": "transparent",
        "borderColor": "#FFC107",
        "borderRadius": 6,
        "borderWidth": 2,
        "iconHeight": 13,
        "iconMarginHorizontal": 4,
        "iconTintColor": "#FFC107",
        "iconWidth": 13,
        "minHeight": 24,
        "minWidth": 24,
        "padding": 4,
        "textColor": "#FFC107",
        "textFontSize": 12,
        "textFontWeight": 800,
        "textMarginHorizontal": 4,
      },
      "outline.warning.medium.active": {
        "backgroundColor": "transparent",
        "borderColor": "#FFB300",
        "borderRadius": 6,
        "borderWidth": 2,
        "iconHeight": 13,
        "iconMarginHorizontal": 4,
        "iconTintColor": "#FFB300",
        "iconWidth": 13,
        "minHeight": 24,
        "minWidth": 24,
        "padding": 4,
        "textColor": "#FFB300",
        "textFontSize": 12,
        "textFontWeight": 800,
        "textMarginHorizontal": 4,
      },
      "outline.warning.medium.disabled": {
        "backgroundColor": "transparent",
        "borderColor": "#FFC107",
        "borderRadius": 6,
        "borderWidth": 2,
        "iconHeight": 13,
        "iconMarginHorizontal": 4,
        "iconTintColor": "#FFC107",
        "iconWidth": 13,
        "minHeight": 24,
        "minWidth": 24,
        "padding": 4,
        "textColor": "#FFC107",
        "textFontSize": 12,
        "textFontWeight": 800,
        "textMarginHorizontal": 4,
      },
      "outline.warning.medium.disabled.active": {
        "backgroundColor": "transparent",
        "borderColor": "#FFB300",
        "borderRadius": 6,
        "borderWidth": 2,
        "iconHeight": 13,
        "iconMarginHorizontal": 4,
        "iconTintColor": "#FFB300",
        "iconWidth": 13,
        "minHeight": 24,
        "minWidth": 24,
        "padding": 4,
        "textColor": "#FFB300",
        "textFontSize": 12,
        "textFontWeight": 800,
        "textMarginHorizontal": 4,
      },
      "outline.warning.small": {
        "backgroundColor": "transparent",
        "borderColor": "#FFC107",
        "borderRadius": 6,
        "borderWidth": 2,
        "iconHeight": 12,
        "iconMarginHorizontal": 3.5,
        "iconTintColor": "#FFC107",
        "iconWidth": 12,
        "minHeight": 20,
        "minWidth": 20,
        "padding": 3.5,
        "textColor": "#FFC107",
        "textFontSize": 11,
        "textFontWeight": 800,
        "textMarginHorizontal": 3.5,
      },
      "outline.warning.small.active": {
        "backgroundColor": "transparent",
        "borderColor": "#FFB300",
        "borderRadius": 6,
        "borderWidth": 2,
        "iconHeight": 12,
        "iconMarginHorizontal": 3.5,
        "iconTintColor": "#FFB300",
        "iconWidth": 12,
        "minHeight": 20,
        "minWidth": 20,
        "padding": 3.5,
        "textColor": "#FFB300",
        "textFontSize": 11,
        "textFontWeight": 800,
        "textMarginHorizontal": 3.5,
      },
      "outline.warning.small.disabled": {
        "backgroundColor": "transparent",
        "borderColor": "#FFC107",
        "borderRadius": 6,
        "borderWidth": 2,
        "iconHeight": 12,
        "iconMarginHorizontal": 3.5,
        "iconTintColor": "#FFC107",
        "iconWidth": 12,
        "minHeight": 20,
        "minWidth": 20,
        "padding": 3.5,
        "textColor": "#FFC107",
        "textFontSize": 11,
        "textFontWeight": 800,
        "textMarginHorizontal": 3.5,
      },
      "outline.warning.small.disabled.active": {
        "backgroundColor": "transparent",
        "borderColor": "#FFB300",
        "borderRadius": 6,
        "borderWidth": 2,
        "iconHeight": 12,
        "iconMarginHorizontal": 3.5,
        "iconTintColor": "#FFB300",
        "iconWidth": 12,
        "minHeight": 20,
        "minWidth": 20,
        "padding": 3.5,
        "textColor": "#FFB300",
        "textFontSize": 11,
        "textFontWeight": 800,
        "textMarginHorizontal": 3.5,
      },
      "outline.warning.tiny": {
        "backgroundColor": "transparent",
        "borderColor": "#FFC107",
        "borderRadius": 6,
        "borderWidth": 2,
        "iconHeight": 11,
        "iconMarginHorizontal": 3,
        "iconTintColor": "#FFC107",
        "iconWidth": 11,
        "minHeight": 16,
        "minWidth": 16,
        "padding": 3,
        "textColor": "#FFC107",
        "textFontSize": 10,
        "textFontWeight": 800,
        "textMarginHorizontal": 3,
      },
      "outline.warning.tiny.active": {
        "backgroundColor": "transparent",
        "borderColor": "#FFB300",
        "borderRadius": 6,
        "borderWidth": 2,
        "iconHeight": 11,
        "iconMarginHorizontal": 3,
        "iconTintColor": "#FFB300",
        "iconWidth": 11,
        "minHeight": 16,
        "minWidth": 16,
        "padding": 3,
        "textColor": "#FFB300",
        "textFontSize": 10,
        "textFontWeight": 800,
        "textMarginHorizontal": 3,
      },
      "outline.warning.tiny.disabled": {
        "backgroundColor": "transparent",
        "borderColor": "#FFC107",
        "borderRadius": 6,
        "borderWidth": 2,
        "iconHeight": 11,
        "iconMarginHorizontal": 3,
        "iconTintColor": "#FFC107",
        "iconWidth": 11,
        "minHeight": 16,
        "minWidth": 16,
        "padding": 3,
        "textColor": "#FFC107",
        "textFontSize": 10,
        "textFontWeight": 800,
        "textMarginHorizontal": 3,
      },
      "outline.warning.tiny.disabled.active": {
        "backgroundColor": "transparent",
        "borderColor": "#FFB300",
        "borderRadius": 6,
        "borderWidth": 2,
        "iconHeight": 11,
        "iconMarginHorizontal": 3,
        "iconTintColor": "#FFB300",
        "iconWidth": 11,
        "minHeight": 16,
        "minWidth": 16,
        "padding": 3,
        "textColor": "#FFB300",
        "textFontSize": 10,
        "textFontWeight": 800,
        "textMarginHorizontal": 3,
      },
    },
  },
}
`;
